Oct 15 10:06:06 wieker-desktop rsyslogd: [origin software="rsyslogd" swVersion="5.8.1" x-pid="1173" x-info="http://www.rsyslog.com"] rsyslogd was HUPed
Oct 15 10:07:36 wieker-desktop noip2[2184]: Can't get status for ppp0. (19)#012
Oct 15 10:09:01 wieker-desktop CRON[7486]: (root) CMD (  [ -x /usr/lib/php5/maxlifetime ] && [ -d /var/lib/php5 ] && find /var/lib/php5/ -depth -mindepth 1 -maxdepth 1 -type f -cmin +$(/usr/lib/php5/maxlifetime) ! -execdir fuser -s {} 2>/dev/null \; -delete)
Oct 15 10:09:30 wieker-desktop anacron[1412]: Job `cron.daily' terminated
Oct 15 10:09:30 wieker-desktop anacron[1412]: Normal exit (1 job run)
Oct 15 10:12:36 wieker-desktop noip2[2184]: Can't get status for ppp0. (19)#012
Oct 15 10:17:01 wieker-desktop CRON[8573]: (root) CMD (   cd / && run-parts --report /etc/cron.hourly)
Oct 15 10:17:36 wieker-desktop noip2[2184]: Can't get status for ppp0. (19)#012
Oct 15 10:22:36 wieker-desktop noip2[2184]: Can't get status for ppp0. (19)#012
Oct 15 10:25:39 wieker-desktop named[1345]: error (network unreachable) resolving 'ui.skype.com/A/IN': 2001:550:1:a::d#53
Oct 15 10:25:40 wieker-desktop kernel: [ 2976.293330] process `skype' is using obsolete setsockopt SO_BSDCOMPAT
Oct 15 10:27:36 wieker-desktop noip2[2184]: Can't get status for ppp0. (19)#012
Oct 15 10:32:36 wieker-desktop noip2[2184]: Can't get status for ppp0. (19)#012
Oct 15 10:37:36 wieker-desktop noip2[2184]: Can't get status for ppp0. (19)#012
Oct 15 10:39:01 wieker-desktop CRON[11478]: (root) CMD (  [ -x /usr/lib/php5/maxlifetime ] && [ -d /var/lib/php5 ] && find /var/lib/php5/ -depth -mindepth 1 -maxdepth 1 -type f -cmin +$(/usr/lib/php5/maxlifetime) ! -execdir fuser -s {} 2>/dev/null \; -delete)
Oct 15 10:42:37 wieker-desktop noip2[2184]: Can't get status for ppp0. (19)#012
Oct 15 10:47:37 wieker-desktop noip2[2184]: Can't get status for ppp0. (19)#012
Oct 15 10:52:37 wieker-desktop noip2[2184]: Can't get status for ppp0. (19)#012
Oct 15 10:57:37 wieker-desktop noip2[2184]: Can't get status for ppp0. (19)#012
Oct 15 11:02:37 wieker-desktop noip2[2184]: Can't get status for ppp0. (19)#012
Oct 15 11:07:37 wieker-desktop noip2[2184]: Can't get status for ppp0. (19)#012
Oct 15 11:09:01 wieker-desktop CRON[15512]: (root) CMD (  [ -x /usr/lib/php5/maxlifetime ] && [ -d /var/lib/php5 ] && find /var/lib/php5/ -depth -mindepth 1 -maxdepth 1 -type f -cmin +$(/usr/lib/php5/maxlifetime) ! -execdir fuser -s {} 2>/dev/null \; -delete)
Oct 15 11:10:58 wieker-desktop named[1345]: error (network unreachable) resolving 'samara.dns-shop.ru/A/IN': 2001:678:15:0:193:232:142:17#53
Oct 15 11:10:58 wieker-desktop named[1345]: error (network unreachable) resolving 'samara.dns-shop.ru/A/IN': 2001:678:14:0:193:232:156:17#53
Oct 15 11:10:58 wieker-desktop named[1345]: error (network unreachable) resolving 'd2545.colo.hc.ru/A/IN': 2001:678:17:0:193:232:128:6#53
Oct 15 11:11:10 wieker-desktop named[1345]: error (network unreachable) resolving 'db.c7.b3.a1.top.list.ru/A/IN': 2001:660:3005:1::1:2#53
Oct 15 11:11:10 wieker-desktop named[1345]: error (network unreachable) resolving 'db.c7.b3.a1.top.list.ru/A/IN': 2001:678:16:0:194:85:252:62#53
Oct 15 11:11:35 wieker-desktop kernel: [ 5727.337165] operapluginwrap[3308]: segfault at 53495f52 ip 00000000f6a4bba0 sp 00000000ffdc18b4 error 4 in libgobject-2.0.so.0.3000.0[f6a1a000+4d000]
Oct 15 11:12:37 wieker-desktop noip2[2184]: Can't get status for ppp0. (19)#012
Oct 15 11:13:30 wieker-desktop named[1345]: error (network unreachable) resolving 'ns1.p34.dynect.net/A/IN': 2001:500:94::100#53
Oct 15 11:13:30 wieker-desktop named[1345]: error (network unreachable) resolving 'ns1.p34.dynect.net/AAAA/IN': 2001:500:94::100#53
Oct 15 11:13:30 wieker-desktop named[1345]: error (network unreachable) resolving 'ns1.p34.dynect.net/A/IN': 2001:500:90::100#53
Oct 15 11:13:30 wieker-desktop named[1345]: error (network unreachable) resolving 'ns3.p34.dynect.net/A/IN': 2001:500:90::100#53
Oct 15 11:17:01 wieker-desktop CRON[16546]: (root) CMD (   cd / && run-parts --report /etc/cron.hourly)
Oct 15 11:17:37 wieker-desktop noip2[2184]: Can't get status for ppp0. (19)#012
Oct 15 11:22:37 wieker-desktop noip2[2184]: Can't get status for ppp0. (19)#012
Oct 15 11:27:37 wieker-desktop noip2[2184]: Can't get status for ppp0. (19)#012
Oct 15 11:27:47 wieker-desktop named[1345]: error (network unreachable) resolving 'ns1.ntdns.de/A/IN': 2a02:568:0:2::53#53
Oct 15 11:27:47 wieker-desktop named[1345]: error (network unreachable) resolving 'ns3.ntdns.de/A/IN': 2001:678:2::53#53
Oct 15 11:27:47 wieker-desktop named[1345]: error (network unreachable) resolving 'ns1.ntdns.de/AAAA/IN': 2001:4ba0:f00d:cafe::aaaa#53
Oct 15 11:28:05 wieker-desktop kernel: [ 6716.513568] [drm] nouveau 0000:01:00.0: PGRAPH - ERROR nsource: ILLEGAL_MTHD nstatus: PROTECTION_FAULT
Oct 15 11:28:05 wieker-desktop kernel: [ 6716.513574] [drm] nouveau 0000:01:00.0: PGRAPH - ch 1 (0x000ed000) subc 4 class 0x008a mthd 0x03fc data 0x00111111
Oct 15 11:28:05 wieker-desktop kernel: [ 6716.513579] [drm] nouveau 0000:01:00.0: PGRAPH - ERROR nsource: METHOD_CNT nstatus: INVALID_STATE PROTECTION_FAULT
Oct 15 11:28:05 wieker-desktop kernel: [ 6716.513583] [drm] nouveau 0000:01:00.0: PGRAPH - ch 1 (0x000ed000) subc 4 class 0x008a mthd 0x0404 data 0x01860012
Oct 15 11:28:05 wieker-desktop kernel: [ 6716.513588] [drm] nouveau 0000:01:00.0: PGRAPH - ERROR nsource: ILLEGAL_MTHD nstatus: INVALID_STATE PROTECTION_FAULT
Oct 15 11:28:05 wieker-desktop kernel: [ 6716.513591] [drm] nouveau 0000:01:00.0: PGRAPH - ch 1 (0x000ed000) subc 4 class 0x008a mthd 0x03fc data 0x00111111
Oct 15 11:28:05 wieker-desktop kernel: [ 6716.513596] [drm] nouveau 0000:01:00.0: PGRAPH - ERROR nsource: ILLEGAL_MTHD nstatus: INVALID_STATE PROTECTION_FAULT
Oct 15 11:28:05 wieker-desktop kernel: [ 6716.513599] [drm] nouveau 0000:01:00.0: PGRAPH - ch 1 (0x000ed000) subc 4 class 0x008a mthd 0x03fc data 0x00111111
Oct 15 11:28:05 wieker-desktop kernel: [ 6716.513604] [drm] nouveau 0000:01:00.0: PGRAPH - ERROR nsource: METHOD_CNT nstatus: INVALID_STATE PROTECTION_FAULT
Oct 15 11:28:05 wieker-desktop kernel: [ 6716.513608] [drm] nouveau 0000:01:00.0: PGRAPH - ch 1 (0x000ed000) subc 4 class 0x008a mthd 0x0400 data 0x00000000
Oct 15 11:28:05 wieker-desktop kernel: [ 6716.513612] [drm] nouveau 0000:01:00.0: PGRAPH - ERROR nsource: ILLEGAL_MTHD nstatus: INVALID_STATE PROTECTION_FAULT
Oct 15 11:28:05 wieker-desktop kernel: [ 6716.513616] [drm] nouveau 0000:01:00.0: PGRAPH - ch 1 (0x000ed000) subc 4 class 0x008a mthd 0x03fc data 0x00111111
Oct 15 11:28:05 wieker-desktop kernel: [ 6716.513620] [drm] nouveau 0000:01:00.0: PGRAPH - ERROR nsource: ILLEGAL_MTHD nstatus: INVALID_STATE PROTECTION_FAULT
Oct 15 11:28:05 wieker-desktop kernel: [ 6716.513624] [drm] nouveau 0000:01:00.0: PGRAPH - ch 1 (0x000ed000) subc 4 class 0x008a mthd 0x03fc data 0x00111111
Oct 15 11:28:05 wieker-desktop kernel: [ 6716.513628] [drm] nouveau 0000:01:00.0: PGRAPH - ERROR nsource: METHOD_CNT nstatus: INVALID_STATE PROTECTION_FAULT
Oct 15 11:28:05 wieker-desktop kernel: [ 6716.513632] [drm] nouveau 0000:01:00.0: PGRAPH - ch 1 (0x000ed000) subc 4 class 0x008a mthd 0x0400 data 0x00000000
Oct 15 11:28:05 wieker-desktop kernel: [ 6716.513636] [drm] nouveau 0000:01:00.0: PGRAPH - ERROR nsource: ILLEGAL_MTHD nstatus: INVALID_STATE PROTECTION_FAULT
Oct 15 11:28:05 wieker-desktop kernel: [ 6716.513640] [drm] nouveau 0000:01:00.0: PGRAPH - ch 1 (0x000ed000) subc 4 class 0x008a mthd 0x03fc data 0x00111111
Oct 15 11:28:05 wieker-desktop kernel: [ 6716.513970] [drm] nouveau 0000:01:00.0: PGRAPH - ERROR nsource: DATA_ERROR nstatus: INVALID_STATE BAD_ARGUMENT PROTECTION_FAULT
Oct 15 11:28:05 wieker-desktop kernel: [ 6716.513975] [drm] nouveau 0000:01:00.0: PGRAPH - ch 1 (0x000ed000) subc 7 class 0x004a mthd 0x0300 data 0x00000000
Oct 15 11:28:05 wieker-desktop kernel: [ 6716.513979] [drm] nouveau 0000:01:00.0: PGRAPH - ERROR nsource: DATA_ERROR nstatus: INVALID_STATE BAD_ARGUMENT PROTECTION_FAULT
Oct 15 11:28:05 wieker-desktop kernel: [ 6716.513983] [drm] nouveau 0000:01:00.0: PGRAPH - ch 1 (0x000ed000) subc 7 class 0x004a mthd 0x0304 data 0x0000005a
Oct 15 11:28:05 wieker-desktop kernel: [ 6716.513988] [drm] nouveau 0000:01:00.0: PGRAPH - ERROR nsource: ILLEGAL_MTHD nstatus: INVALID_STATE BAD_ARGUMENT PROTECTION_FAULT
Oct 15 11:28:05 wieker-desktop kernel: [ 6716.513992] [drm] nouveau 0000:01:00.0: PGRAPH - ch 1 (0x000ed000) subc 7 class 0x004a mthd 0x0308 data 0x0012012c
Oct 15 11:28:05 wieker-desktop kernel: [ 6716.513997] [drm] nouveau 0000:01:00.0: PGRAPH - ERROR nsource: DATA_ERROR nstatus: INVALID_STATE BAD_ARGUMENT PROTECTION_FAULT
Oct 15 11:28:05 wieker-desktop kernel: [ 6716.514000] [drm] nouveau 0000:01:00.0: PGRAPH - ch 1 (0x000ed000) subc 7 class 0x004a mthd 0x0300 data 0x00000000
Oct 15 11:28:05 wieker-desktop kernel: [ 6716.514005] [drm] nouveau 0000:01:00.0: PGRAPH - ERROR nsource: DATA_ERROR nstatus: INVALID_STATE BAD_ARGUMENT PROTECTION_FAULT
Oct 15 11:28:05 wieker-desktop kernel: [ 6716.514009] [drm] nouveau 0000:01:00.0: PGRAPH - ch 1 (0x000ed000) subc 7 class 0x004a mthd 0x0304 data 0x03ed037a
Oct 15 11:28:05 wieker-desktop kernel: [ 6716.514013] [drm] nouveau 0000:01:00.0: PGRAPH - ERROR nsource: ILLEGAL_MTHD nstatus: INVALID_STATE BAD_ARGUMENT PROTECTION_FAULT
Oct 15 11:28:05 wieker-desktop kernel: [ 6716.514017] [drm] nouveau 0000:01:00.0: PGRAPH - ch 1 (0x000ed000) subc 7 class 0x004a mthd 0x0308 data 0x00120186
Oct 15 11:28:05 wieker-desktop kernel: [ 6716.591206] [drm] nouveau 0000:01:00.0: PGRAPH - ERROR nsource: ILLEGAL_MTHD nstatus: INVALID_STATE BAD_ARGUMENT PROTECTION_FAULT
Oct 15 11:28:05 wieker-desktop kernel: [ 6716.591213] [drm] nouveau 0000:01:00.0: PGRAPH - ch 1 (0x000ed000) subc 4 class 0x008a mthd 0x03fc data 0x00000000
Oct 15 11:28:05 wieker-desktop kernel: [ 6716.591218] [drm] nouveau 0000:01:00.0: PGRAPH - ERROR nsource: METHOD_CNT nstatus: INVALID_STATE BAD_ARGUMENT PROTECTION_FAULT
Oct 15 11:28:05 wieker-desktop kernel: [ 6716.591222] [drm] nouveau 0000:01:00.0: PGRAPH - ch 1 (0x000ed000) subc 4 class 0x008a mthd 0x0400 data 0x00000000
Oct 15 11:28:05 wieker-desktop kernel: [ 6716.591227] [drm] nouveau 0000:01:00.0: PGRAPH - ERROR nsource: ILLEGAL_MTHD nstatus: INVALID_STATE BAD_ARGUMENT PROTECTION_FAULT
Oct 15 11:28:05 wieker-desktop kernel: [ 6716.591231] [drm] nouveau 0000:01:00.0: PGRAPH - ch 1 (0x000ed000) subc 4 class 0x008a mthd 0x03fc data 0x00ffffff
Oct 15 11:28:05 wieker-desktop kernel: [ 6716.591236] [drm] nouveau 0000:01:00.0: PGRAPH - ERROR nsource: METHOD_CNT nstatus: INVALID_STATE BAD_ARGUMENT PROTECTION_FAULT
Oct 15 11:28:05 wieker-desktop kernel: [ 6716.591239] [drm] nouveau 0000:01:00.0: PGRAPH - ch 1 (0x000ed000) subc 4 class 0x008a mthd 0x0400 data 0x00000000
Oct 15 11:28:05 wieker-desktop kernel: [ 6716.591244] [drm] nouveau 0000:01:00.0: PGRAPH - ERROR nsource: ILLEGAL_MTHD nstatus: INVALID_STATE BAD_ARGUMENT PROTECTION_FAULT
Oct 15 11:28:05 wieker-desktop kernel: [ 6716.591248] [drm] nouveau 0000:01:00.0: PGRAPH - ch 1 (0x000ed000) subc 4 class 0x008a mthd 0x03fc data 0x00ffffff
Oct 15 11:28:07 wieker-desktop named[1345]: error (network unreachable) resolving 'ns2.mozilla.org/AAAA/IN': 2001:500:48::1#53
Oct 15 11:28:07 wieker-desktop named[1345]: error (network unreachable) resolving 'ns1.mozilla.org/AAAA/IN': 2001:500:48::1#53
Oct 15 11:28:08 wieker-desktop kernel: [ 6719.513333] nouveau_ratelimit: 3921 callbacks suppressed
Oct 15 11:28:08 wieker-desktop kernel: [ 6719.513336] [drm] nouveau 0000:01:00.0: PGRAPH - ERROR nsource: ILLEGAL_MTHD nstatus: INVALID_STATE BAD_ARGUMENT PROTECTION_FAULT
Oct 15 11:28:08 wieker-desktop kernel: [ 6719.513341] [drm] nouveau 0000:01:00.0: PGRAPH - ch 1 (0x000ed000) subc 4 class 0x008a mthd 0x03fc data 0x00111111
Oct 15 11:28:08 wieker-desktop kernel: [ 6719.513346] [drm] nouveau 0000:01:00.0: PGRAPH - ERROR nsource: METHOD_CNT nstatus: INVALID_STATE BAD_ARGUMENT PROTECTION_FAULT
Oct 15 11:28:08 wieker-desktop kernel: [ 6719.513350] [drm] nouveau 0000:01:00.0: PGRAPH - ch 1 (0x000ed000) subc 4 class 0x008a mthd 0x0404 data 0x01860012
Oct 15 11:28:08 wieker-desktop kernel: [ 6719.513355] [drm] nouveau 0000:01:00.0: PGRAPH - ERROR nsource: ILLEGAL_MTHD nstatus: INVALID_STATE BAD_ARGUMENT PROTECTION_FAULT
Oct 15 11:28:08 wieker-desktop kernel: [ 6719.513359] [drm] nouveau 0000:01:00.0: PGRAPH - ch 1 (0x000ed000) subc 4 class 0x008a mthd 0x03fc data 0x00111111
Oct 15 11:28:08 wieker-desktop kernel: [ 6719.513364] [drm] nouveau 0000:01:00.0: PGRAPH - ERROR nsource: ILLEGAL_MTHD nstatus: INVALID_STATE BAD_ARGUMENT PROTECTION_FAULT
Oct 15 11:28:08 wieker-desktop kernel: [ 6719.513368] [drm] nouveau 0000:01:00.0: PGRAPH - ch 1 (0x000ed000) subc 4 class 0x008a mthd 0x03fc data 0x00111111
Oct 15 11:28:08 wieker-desktop kernel: [ 6719.513373] [drm] nouveau 0000:01:00.0: PGRAPH - ERROR nsource: METHOD_CNT nstatus: INVALID_STATE BAD_ARGUMENT PROTECTION_FAULT
Oct 15 11:28:08 wieker-desktop kernel: [ 6719.513376] [drm] nouveau 0000:01:00.0: PGRAPH - ch 1 (0x000ed000) subc 4 class 0x008a mthd 0x0404 data 0x01860012
Oct 15 11:28:08 wieker-desktop kernel: [ 6719.513381] [drm] nouveau 0000:01:00.0: PGRAPH - ERROR nsource: ILLEGAL_MTHD nstatus: INVALID_STATE BAD_ARGUMENT PROTECTION_FAULT
Oct 15 11:28:08 wieker-desktop kernel: [ 6719.513385] [drm] nouveau 0000:01:00.0: PGRAPH - ch 1 (0x000ed000) subc 4 class 0x008a mthd 0x03fc data 0x00111111
Oct 15 11:28:08 wieker-desktop kernel: [ 6719.513389] [drm] nouveau 0000:01:00.0: PGRAPH - ERROR nsource: ILLEGAL_MTHD nstatus: INVALID_STATE BAD_ARGUMENT PROTECTION_FAULT
Oct 15 11:28:08 wieker-desktop kernel: [ 6719.513393] [drm] nouveau 0000:01:00.0: PGRAPH - ch 1 (0x000ed000) subc 4 class 0x008a mthd 0x03fc data 0x00111111
Oct 15 11:28:08 wieker-desktop kernel: [ 6719.513398] [drm] nouveau 0000:01:00.0: PGRAPH - ERROR nsource: METHOD_CNT nstatus: INVALID_STATE BAD_ARGUMENT PROTECTION_FAULT
Oct 15 11:28:08 wieker-desktop kernel: [ 6719.513402] [drm] nouveau 0000:01:00.0: PGRAPH - ch 1 (0x000ed000) subc 4 class 0x008a mthd 0x0400 data 0x00000000
Oct 15 11:28:08 wieker-desktop kernel: [ 6719.513406] [drm] nouveau 0000:01:00.0: PGRAPH - ERROR nsource: ILLEGAL_MTHD nstatus: INVALID_STATE BAD_ARGUMENT PROTECTION_FAULT
Oct 15 11:28:08 wieker-desktop kernel: [ 6719.513410] [drm] nouveau 0000:01:00.0: PGRAPH - ch 1 (0x000ed000) subc 4 class 0x008a mthd 0x03fc data 0x00111111
Oct 15 11:28:08 wieker-desktop kernel: [ 6719.527883] [drm] nouveau 0000:01:00.0: PGRAPH - ERROR nsource: ILLEGAL_MTHD nstatus: INVALID_STATE BAD_ARGUMENT PROTECTION_FAULT
Oct 15 11:28:08 wieker-desktop kernel: [ 6719.527888] [drm] nouveau 0000:01:00.0: PGRAPH - ch 1 (0x000ed000) subc 4 class 0x008a mthd 0x03fc data 0x00dcdad5
Oct 15 11:28:08 wieker-desktop kernel: [ 6719.527892] [drm] nouveau 0000:01:00.0: PGRAPH - ERROR nsource: METHOD_CNT nstatus: INVALID_STATE BAD_ARGUMENT PROTECTION_FAULT
Oct 15 11:28:08 wieker-desktop kernel: [ 6719.527896] [drm] nouveau 0000:01:00.0: PGRAPH - ch 1 (0x000ed000) subc 4 class 0x008a mthd 0x0404 data 0x0018000c
Oct 15 11:28:08 wieker-desktop kernel: [ 6719.527901] [drm] nouveau 0000:01:00.0: PGRAPH - ERROR nsource: ILLEGAL_MTHD nstatus: INVALID_STATE BAD_ARGUMENT PROTECTION_FAULT
Oct 15 11:28:08 wieker-desktop kernel: [ 6719.527905] [drm] nouveau 0000:01:00.0: PGRAPH - ch 1 (0x000ed000) subc 4 class 0x008a mthd 0x03fc data 0x00c4c2bd
Oct 15 11:28:08 wieker-desktop kernel: [ 6719.527909] [drm] nouveau 0000:01:00.0: PGRAPH - ERROR nsource: METHOD_CNT nstatus: INVALID_STATE BAD_ARGUMENT PROTECTION_FAULT
Oct 15 11:28:08 wieker-desktop kernel: [ 6719.527913] [drm] nouveau 0000:01:00.0: PGRAPH - ch 1 (0x000ed000) subc 4 class 0x008a mthd 0x0400 data 0x040303dc
Oct 15 11:28:08 wieker-desktop kernel: [ 6719.527918] [drm] nouveau 0000:01:00.0: PGRAPH - ERROR nsource: ILLEGAL_MTHD nstatus: INVALID_STATE BAD_ARGUMENT PROTECTION_FAULT
Oct 15 11:28:08 wieker-desktop kernel: [ 6719.527921] [drm] nouveau 0000:01:00.0: PGRAPH - ch 1 (0x000ed000) subc 4 class 0x008a mthd 0x03fc data 0x004b6983
Oct 15 11:28:08 wieker-desktop kernel: [ 6719.527926] [drm] nouveau 0000:01:00.0: PGRAPH - ERROR nsource: METHOD_CNT nstatus: INVALID_STATE BAD_ARGUMENT PROTECTION_FAULT
Oct 15 11:28:08 wieker-desktop kernel: [ 6719.527930] [drm] nouveau 0000:01:00.0: PGRAPH - ch 1 (0x000ed000) subc 4 class 0x008a mthd 0x0404 data 0x0017000b
Oct 15 11:28:08 wieker-desktop kernel: [ 6719.527934] [drm] nouveau 0000:01:00.0: PGRAPH - ERROR nsource: ILLEGAL_MTHD nstatus: INVALID_STATE BAD_ARGUMENT PROTECTION_FAULT
Oct 15 11:28:08 wieker-desktop kernel: [ 6719.527938] [drm] nouveau 0000:01:00.0: PGRAPH - ch 1 (0x000ed000) subc 4 class 0x008a mthd 0x03fc data 0x003a4956
Oct 15 11:28:08 wieker-desktop kernel: [ 6719.527943] [drm] nouveau 0000:01:00.0: PGRAPH - ERROR nsource: METHOD_CNT nstatus: INVALID_STATE BAD_ARGUMENT PROTECTION_FAULT
Oct 15 11:28:08 wieker-desktop kernel: [ 6719.527946] [drm] nouveau 0000:01:00.0: PGRAPH - ch 1 (0x000ed000) subc 4 class 0x008a mthd 0x0400 data 0x040503e6
Oct 15 11:28:08 wieker-desktop kernel: [ 6719.527951] [drm] nouveau 0000:01:00.0: PGRAPH - ERROR nsource: ILLEGAL_MTHD nstatus: INVALID_STATE BAD_ARGUMENT PROTECTION_FAULT
Oct 15 11:28:08 wieker-desktop kernel: [ 6719.527955] [drm] nouveau 0000:01:00.0: PGRAPH - ch 1 (0x000ed000) subc 4 class 0x008a mthd 0x03fc data 0x00000000
Oct 15 11:28:08 wieker-desktop kernel: [ 6719.527959] [drm] nouveau 0000:01:00.0: PGRAPH - ERROR nsource: METHOD_CNT nstatus: INVALID_STATE BAD_ARGUMENT PROTECTION_FAULT
Oct 15 11:28:08 wieker-desktop kernel: [ 6719.527963] [drm] nouveau 0000:01:00.0: PGRAPH - ch 1 (0x000ed000) subc 4 class 0x008a mthd 0x0400 data 0x040403e7
Oct 15 11:28:08 wieker-desktop kernel: [ 6719.527968] [drm] nouveau 0000:01:00.0: PGRAPH - ERROR nsource: ILLEGAL_MTHD nstatus: INVALID_STATE BAD_ARGUMENT PROTECTION_FAULT
Oct 15 11:28:08 wieker-desktop kernel: [ 6719.527971] [drm] nouveau 0000:01:00.0: PGRAPH - ch 1 (0x000ed000) subc 4 class 0x008a mthd 0x03fc data 0x003a4956
Oct 15 11:28:09 wieker-desktop named[1345]: error (network unreachable) resolving 'dns3.easydns.org/AAAA/IN': 2001:500:e::1#53
Oct 15 11:28:09 wieker-desktop named[1345]: error (network unreachable) resolving 'dns4.easydns.info/A/IN': 2001:500:49::1#53
Oct 15 11:28:09 wieker-desktop named[1345]: error (network unreachable) resolving 'dns3.easydns.org/AAAA/IN': 2001:500:40::1#53
Oct 15 11:28:09 wieker-desktop named[1345]: error (network unreachable) resolving 'dns2.easydns.net/A/IN': 2001:1838:f001::10#53
Oct 15 11:28:09 wieker-desktop named[1345]: error (network unreachable) resolving 'dns3.easydns.org/AAAA/IN': 2620:49:a::10#53
Oct 15 11:28:09 wieker-desktop named[1345]: error (network unreachable) resolving 'dns3.easydns.org/A/IN': 2620:49:a::10#53
Oct 15 11:28:11 wieker-desktop kernel: [ 6722.522996] nouveau_ratelimit: 8375 callbacks suppressed
Oct 15 11:28:11 wieker-desktop kernel: [ 6722.522998] [drm] nouveau 0000:01:00.0: PGRAPH - ERROR nsource: ILLEGAL_MTHD nstatus: INVALID_STATE BAD_ARGUMENT PROTECTION_FAULT
Oct 15 11:28:11 wieker-desktop kernel: [ 6722.523004] [drm] nouveau 0000:01:00.0: PGRAPH - ch 1 (0x000ed000) subc 4 class 0x008a mthd 0x03fc data 0x00dcdad5
Oct 15 11:28:11 wieker-desktop kernel: [ 6722.523009] [drm] nouveau 0000:01:00.0: PGRAPH - ERROR nsource: METHOD_CNT nstatus: INVALID_STATE BAD_ARGUMENT PROTECTION_FAULT
Oct 15 11:28:11 wieker-desktop kernel: [ 6722.523013] [drm] nouveau 0000:01:00.0: PGRAPH - ch 1 (0x000ed000) subc 4 class 0x008a mthd 0x0400 data 0x04ed0003
Oct 15 11:28:11 wieker-desktop kernel: [ 6722.523018] [drm] nouveau 0000:01:00.0: PGRAPH - ERROR nsource: ILLEGAL_MTHD nstatus: INVALID_STATE BAD_ARGUMENT PROTECTION_FAULT
Oct 15 11:28:11 wieker-desktop kernel: [ 6722.523022] [drm] nouveau 0000:01:00.0: PGRAPH - ch 1 (0x000ed000) subc 4 class 0x008a mthd 0x03fc data 0x00dcdad5
Oct 15 11:28:11 wieker-desktop kernel: [ 6722.523026] [drm] nouveau 0000:01:00.0: PGRAPH - ERROR nsource: METHOD_CNT nstatus: INVALID_STATE BAD_ARGUMENT PROTECTION_FAULT
Oct 15 11:28:11 wieker-desktop kernel: [ 6722.523030] [drm] nouveau 0000:01:00.0: PGRAPH - ch 1 (0x000ed000) subc 4 class 0x008a mthd 0x0400 data 0x04ed0003
Oct 15 11:28:11 wieker-desktop kernel: [ 6722.524442] [drm] nouveau 0000:01:00.0: PGRAPH - ERROR nsource: ILLEGAL_MTHD nstatus: INVALID_STATE BAD_ARGUMENT PROTECTION_FAULT
Oct 15 11:28:11 wieker-desktop kernel: [ 6722.524446] [drm] nouveau 0000:01:00.0: PGRAPH - ch 1 (0x000ed000) subc 4 class 0x008a mthd 0x03fc data 0x00dcdad5
Oct 15 11:28:11 wieker-desktop kernel: [ 6722.524451] [drm] nouveau 0000:01:00.0: PGRAPH - ERROR nsource: METHOD_CNT nstatus: INVALID_STATE BAD_ARGUMENT PROTECTION_FAULT
Oct 15 11:28:11 wieker-desktop kernel: [ 6722.524455] [drm] nouveau 0000:01:00.0: PGRAPH - ch 1 (0x000ed000) subc 4 class 0x008a mthd 0x0404 data 0x0018000c
Oct 15 11:28:11 wieker-desktop kernel: [ 6722.524460] [drm] nouveau 0000:01:00.0: PGRAPH - ERROR nsource: ILLEGAL_MTHD nstatus: INVALID_STATE BAD_ARGUMENT PROTECTION_FAULT
Oct 15 11:28:11 wieker-desktop kernel: [ 6722.524463] [drm] nouveau 0000:01:00.0: PGRAPH - ch 1 (0x000ed000) subc 4 class 0x008a mthd 0x03fc data 0x00c4c2bd
Oct 15 11:28:11 wieker-desktop kernel: [ 6722.524468] [drm] nouveau 0000:01:00.0: PGRAPH - ERROR nsource: METHOD_CNT nstatus: INVALID_STATE BAD_ARGUMENT PROTECTION_FAULT
Oct 15 11:28:11 wieker-desktop kernel: [ 6722.524472] [drm] nouveau 0000:01:00.0: PGRAPH - ch 1 (0x000ed000) subc 4 class 0x008a mthd 0x0400 data 0x043c03dc
Oct 15 11:28:11 wieker-desktop kernel: [ 6722.524476] [drm] nouveau 0000:01:00.0: PGRAPH - ERROR nsource: ILLEGAL_MTHD nstatus: INVALID_STATE BAD_ARGUMENT PROTECTION_FAULT
Oct 15 11:28:11 wieker-desktop kernel: [ 6722.524480] [drm] nouveau 0000:01:00.0: PGRAPH - ch 1 (0x000ed000) subc 4 class 0x008a mthd 0x03fc data 0x00fbfbfa
Oct 15 11:28:11 wieker-desktop kernel: [ 6722.524485] [drm] nouveau 0000:01:00.0: PGRAPH - ERROR nsource: METHOD_CNT nstatus: INVALID_STATE BAD_ARGUMENT PROTECTION_FAULT
Oct 15 11:28:11 wieker-desktop kernel: [ 6722.524488] [drm] nouveau 0000:01:00.0: PGRAPH - ch 1 (0x000ed000) subc 4 class 0x008a mthd 0x0400 data 0x044a03dc
Oct 15 11:28:11 wieker-desktop kernel: [ 6722.524493] [drm] nouveau 0000:01:00.0: PGRAPH - ERROR nsource: ILLEGAL_MTHD nstatus: INVALID_STATE BAD_ARGUMENT PROTECTION_FAULT
Oct 15 11:28:11 wieker-desktop kernel: [ 6722.524497] [drm] nouveau 0000:01:00.0: PGRAPH - ch 1 (0x000ed000) subc 4 class 0x008a mthd 0x03fc data 0x004b6983
Oct 15 11:28:11 wieker-desktop kernel: [ 6722.524501] [drm] nouveau 0000:01:00.0: PGRAPH - ERROR nsource: METHOD_CNT nstatus: INVALID_STATE BAD_ARGUMENT PROTECTION_FAULT
Oct 15 11:28:11 wieker-desktop kernel: [ 6722.524505] [drm] nouveau 0000:01:00.0: PGRAPH - ch 1 (0x000ed000) subc 4 class 0x008a mthd 0x0400 data 0x043d03dd
Oct 15 11:28:11 wieker-desktop kernel: [ 6722.524510] [drm] nouveau 0000:01:00.0: PGRAPH - ERROR nsource: ILLEGAL_MTHD nstatus: INVALID_STATE BAD_ARGUMENT PROTECTION_FAULT
Oct 15 11:28:11 wieker-desktop kernel: [ 6722.524514] [drm] nouveau 0000:01:00.0: PGRAPH - ch 1 (0x000ed000) subc 4 class 0x008a mthd 0x03fc data 0x003a4956
Oct 15 11:28:11 wieker-desktop kernel: [ 6722.524518] [drm] nouveau 0000:01:00.0: PGRAPH - ERROR nsource: METHOD_CNT nstatus: INVALID_STATE BAD_ARGUMENT PROTECTION_FAULT
Oct 15 11:28:11 wieker-desktop kernel: [ 6722.524522] [drm] nouveau 0000:01:00.0: PGRAPH - ch 1 (0x000ed000) subc 4 class 0x008a mthd 0x0400 data 0x043e03e6
Oct 15 11:28:11 wieker-desktop kernel: [ 6722.524527] [drm] nouveau 0000:01:00.0: PGRAPH - ERROR nsource: ILLEGAL_MTHD nstatus: INVALID_STATE BAD_ARGUMENT PROTECTION_FAULT
Oct 15 11:28:11 wieker-desktop kernel: [ 6722.524530] [drm] nouveau 0000:01:00.0: PGRAPH - ch 1 (0x000ed000) subc 4 class 0x008a mthd 0x03fc data 0x00000000
Oct 15 11:28:11 wieker-desktop kernel: [ 6722.524535] [drm] nouveau 0000:01:00.0: PGRAPH - ERROR nsource: METHOD_CNT nstatus: INVALID_STATE BAD_ARGUMENT PROTECTION_FAULT
Oct 15 11:28:11 wieker-desktop kernel: [ 6722.524539] [drm] nouveau 0000:01:00.0: PGRAPH - ch 1 (0x000ed000) subc 4 class 0x008a mthd 0x0400 data 0x043d03e7
Oct 15 11:28:11 wieker-desktop kernel: [ 6722.524543] [drm] nouveau 0000:01:00.0: PGRAPH - ERROR nsource: ILLEGAL_MTHD nstatus: INVALID_STATE BAD_ARGUMENT PROTECTION_FAULT
Oct 15 11:28:11 wieker-desktop kernel: [ 6722.524547] [drm] nouveau 0000:01:00.0: PGRAPH - ch 1 (0x000ed000) subc 4 class 0x008a mthd 0x03fc data 0x005b89b1
Oct 15 11:28:11 wieker-desktop kernel: [ 6722.524552] [drm] nouveau 0000:01:00.0: PGRAPH - ERROR nsource: METHOD_CNT nstatus: INVALID_STATE BAD_ARGUMENT PROTECTION_FAULT
Oct 15 11:28:11 wieker-desktop kernel: [ 6722.524555] [drm] nouveau 0000:01:00.0: PGRAPH - ch 1 (0x000ed000) subc 4 class 0x008a mthd 0x0400 data 0x043d03dd
Oct 15 11:28:11 wieker-desktop kernel: [ 6722.524560] [drm] nouveau 0000:01:00.0: PGRAPH - ERROR nsource: METHOD_CNT nstatus: INVALID_STATE BAD_ARGUMENT PROTECTION_FAULT
Oct 15 11:28:11 wieker-desktop kernel: [ 6722.524564] [drm] nouveau 0000:01:00.0: PGRAPH - ch 1 (0x000ed000) subc 4 class 0x008a mthd 0x0400 data 0x043d03de
Oct 15 11:28:11 wieker-desktop kernel: [ 6722.524568] [drm] nouveau 0000:01:00.0: PGRAPH - ERROR nsource: ILLEGAL_MTHD nstatus: INVALID_STATE BAD_ARGUMENT PROTECTION_FAULT
Oct 15 11:28:11 wieker-desktop kernel: [ 6722.524572] [drm] nouveau 0000:01:00.0: PGRAPH - ch 1 (0x000ed000) subc 4 class 0x008a mthd 0x03fc data 0x004b6983
Oct 15 11:28:15 wieker-desktop goa[18009]: goa-daemon version 3.2.0.1 starting [main.c:112, main()]
Oct 15 11:32:38 wieker-desktop noip2[2184]: Can't get status for ppp0. (19)#012
Oct 15 11:37:38 wieker-desktop noip2[2184]: Can't get status for ppp0. (19)#012
Oct 15 11:37:38 wieker-desktop named[1345]: error (network unreachable) resolving 'current.cvd.clamav.net/TXT/IN': 2001:4b78:2000::1#53
Oct 15 11:39:01 wieker-desktop CRON[19413]: (root) CMD (  [ -x /usr/lib/php5/maxlifetime ] && [ -d /var/lib/php5 ] && find /var/lib/php5/ -depth -mindepth 1 -maxdepth 1 -type f -cmin +$(/usr/lib/php5/maxlifetime) ! -execdir fuser -s {} 2>/dev/null \; -delete)
Oct 15 11:42:38 wieker-desktop noip2[2184]: Can't get status for ppp0. (19)#012
Oct 15 11:44:49 wieker-desktop nmbd[1234]: [2011/10/15 11:44:49.735924,  0] nmbd/nmbd.c:71(terminate)
Oct 15 11:44:49 wieker-desktop nmbd[1234]:   Got SIGTERM: going down...
Oct 15 11:44:49 wieker-desktop kernel: Kernel logging (proc) stopped.
Oct 15 11:44:49 wieker-desktop rsyslogd: [origin software="rsyslogd" swVersion="5.8.1" x-pid="1173" x-info="http://www.rsyslog.com"] exiting on signal 15.
Oct 15 12:25:40 wieker-desktop kernel: imklog 5.8.1, log source = /proc/kmsg started.
Oct 15 12:25:40 wieker-desktop rsyslogd: [origin software="rsyslogd" swVersion="5.8.1" x-pid="1141" x-info="http://www.rsyslog.com"] start
Oct 15 12:25:40 wieker-desktop rsyslogd: rsyslogd's groupid changed to 103
Oct 15 12:25:40 wieker-desktop rsyslogd: rsyslogd's userid changed to 101
Oct 15 12:25:40 wieker-desktop rsyslogd-2039: Could no open output pipe '/dev/xconsole' [try http://www.rsyslog.com/e/2039 ]
Oct 15 12:25:40 wieker-desktop modem-manager[1174]: <info>  Loaded plugin Ericsson MBM
Oct 15 12:25:40 wieker-desktop modem-manager[1174]: <info>  Loaded plugin Sierra
Oct 15 12:25:40 wieker-desktop kernel: [    0.000000] Initializing cgroup subsys cpuset
Oct 15 12:25:40 wieker-desktop kernel: [    0.000000] Initializing cgroup subsys cpu
Oct 15 12:25:40 wieker-desktop kernel: [    0.000000] Linux version 3.0.0-12-generic (buildd@crested) (gcc version 4.6.1 (Ubuntu/Linaro 4.6.1-9ubuntu3) ) #20-Ubuntu SMP Fri Oct 7 14:56:25 UTC 2011 (Ubuntu 3.0.0-12.20-generic 3.0.4)
Oct 15 12:25:40 wieker-desktop kernel: [    0.000000] Command line: BOOT_IMAGE=/boot/vmlinuz-3.0.0-12-generic root=UUID=bcd24dfd-761d-489e-ae71-497eea91f7dd ro
Oct 15 12:25:40 wieker-desktop kernel: [    0.000000] KERNEL supported cpus:
Oct 15 12:25:40 wieker-desktop kernel: [    0.000000]   Intel GenuineIntel
Oct 15 12:25:40 wieker-desktop kernel: [    0.000000]   AMD AuthenticAMD
Oct 15 12:25:40 wieker-desktop kernel: [    0.000000]   Centaur CentaurHauls
Oct 15 12:25:40 wieker-desktop kernel: [    0.000000] BIOS-provided physical RAM map:
Oct 15 12:25:40 wieker-desktop kernel: [    0.000000]  BIOS-e820: 0000000000000000 - 000000000009ec00 (usable)
Oct 15 12:25:40 wieker-desktop kernel: [    0.000000]  BIOS-e820: 000000000009ec00 - 00000000000a0000 (reserved)
Oct 15 12:25:40 wieker-desktop kernel: [    0.000000]  BIOS-e820: 00000000000e0000 - 0000000000100000 (reserved)
Oct 15 12:25:40 wieker-desktop kernel: [    0.000000]  BIOS-e820: 0000000000100000 - 00000000bf459000 (usable)
Oct 15 12:25:40 wieker-desktop kernel: [    0.000000]  BIOS-e820: 00000000bf459000 - 00000000bf4ac000 (ACPI NVS)
Oct 15 12:25:40 wieker-desktop kernel: [    0.000000]  BIOS-e820: 00000000bf4ac000 - 00000000bf5df000 (reserved)
Oct 15 12:25:40 wieker-desktop kernel: [    0.000000]  BIOS-e820: 00000000bf5df000 - 00000000bf5f0000 (ACPI NVS)
Oct 15 12:25:40 wieker-desktop kernel: [    0.000000]  BIOS-e820: 00000000bf5f0000 - 00000000bf604000 (reserved)
Oct 15 12:25:40 wieker-desktop kernel: [    0.000000]  BIOS-e820: 00000000bf604000 - 00000000bf606000 (usable)
Oct 15 12:25:40 wieker-desktop kernel: [    0.000000]  BIOS-e820: 00000000bf606000 - 00000000bf607000 (ACPI data)
Oct 15 12:25:40 wieker-desktop kernel: [    0.000000]  BIOS-e820: 00000000bf607000 - 00000000bf60f000 (reserved)
Oct 15 12:25:40 wieker-desktop kernel: [    0.000000]  BIOS-e820: 00000000bf60f000 - 00000000bf619000 (ACPI NVS)
Oct 15 12:25:40 wieker-desktop kernel: [    0.000000]  BIOS-e820: 00000000bf619000 - 00000000bf642000 (reserved)
Oct 15 12:25:40 wieker-desktop kernel: [    0.000000]  BIOS-e820: 00000000bf642000 - 00000000bf685000 (ACPI NVS)
Oct 15 12:25:40 wieker-desktop kernel: [    0.000000]  BIOS-e820: 00000000bf685000 - 00000000bf800000 (usable)
Oct 15 12:25:40 wieker-desktop kernel: [    0.000000]  BIOS-e820: 00000000fed1c000 - 00000000fed20000 (reserved)
Oct 15 12:25:40 wieker-desktop kernel: [    0.000000]  BIOS-e820: 00000000ff000000 - 0000000100000000 (reserved)
Oct 15 12:25:40 wieker-desktop kernel: [    0.000000]  BIOS-e820: 0000000100000000 - 000000023f800000 (usable)
Oct 15 12:25:40 wieker-desktop kernel: [    0.000000] NX (Execute Disable) protection: active
Oct 15 12:25:40 wieker-desktop kernel: [    0.000000] DMI 2.6 present.
Oct 15 12:25:40 wieker-desktop kernel: [    0.000000] DMI: System manufacturer System Product Name/P8H67, BIOS 0408 11/26/2010
Oct 15 12:25:40 wieker-desktop kernel: [    0.000000] e820 update range: 0000000000000000 - 0000000000010000 (usable) ==> (reserved)
Oct 15 12:25:40 wieker-desktop kernel: [    0.000000] e820 remove range: 00000000000a0000 - 0000000000100000 (usable)
Oct 15 12:25:40 wieker-desktop kernel: [    0.000000] No AGP bridge found
Oct 15 12:25:40 wieker-desktop kernel: [    0.000000] last_pfn = 0x23f800 max_arch_pfn = 0x400000000
Oct 15 12:25:40 wieker-desktop kernel: [    0.000000] MTRR default type: uncachable
Oct 15 12:25:40 wieker-desktop kernel: [    0.000000] MTRR fixed ranges enabled:
Oct 15 12:25:40 wieker-desktop kernel: [    0.000000]   00000-9FFFF write-back
Oct 15 12:25:40 wieker-desktop kernel: [    0.000000]   A0000-BFFFF uncachable
Oct 15 12:25:40 wieker-desktop kernel: [    0.000000]   C0000-CFFFF write-protect
Oct 15 12:25:40 wieker-desktop kernel: [    0.000000]   D0000-E7FFF uncachable
Oct 15 12:25:40 wieker-desktop kernel: [    0.000000]   E8000-FFFFF write-protect
Oct 15 12:25:40 wieker-desktop kernel: [    0.000000] MTRR variable ranges enabled:
Oct 15 12:25:40 wieker-desktop kernel: [    0.000000]   0 base 000000000 mask E00000000 write-back
Oct 15 12:25:40 wieker-desktop kernel: [    0.000000]   1 base 200000000 mask FC0000000 write-back
Oct 15 12:25:40 wieker-desktop kernel: [    0.000000]   2 base 0C0000000 mask FC0000000 uncachable
Oct 15 12:25:40 wieker-desktop kernel: [    0.000000]   3 base 23F800000 mask FFF800000 uncachable
Oct 15 12:25:40 wieker-desktop kernel: [    0.000000]   4 disabled
Oct 15 12:25:40 wieker-desktop kernel: [    0.000000]   5 disabled
Oct 15 12:25:40 wieker-desktop kernel: [    0.000000]   6 disabled
Oct 15 12:25:40 wieker-desktop kernel: [    0.000000]   7 disabled
Oct 15 12:25:40 wieker-desktop kernel: [    0.000000]   8 disabled
Oct 15 12:25:40 wieker-desktop kernel: [    0.000000]   9 disabled
Oct 15 12:25:40 wieker-desktop kernel: [    0.000000] x86 PAT enabled: cpu 0, old 0x7040600070406, new 0x7010600070106
Oct 15 12:25:40 wieker-desktop kernel: [    0.000000] original variable MTRRs
Oct 15 12:25:40 wieker-desktop kernel: [    0.000000] reg 0, base: 0GB, range: 8GB, type WB
Oct 15 12:25:40 wieker-desktop kernel: [    0.000000] reg 1, base: 8GB, range: 1GB, type WB
Oct 15 12:25:40 wieker-desktop kernel: [    0.000000] reg 2, base: 3GB, range: 1GB, type UC
Oct 15 12:25:40 wieker-desktop kernel: [    0.000000] reg 3, base: 9208MB, range: 8MB, type UC
Oct 15 12:25:40 wieker-desktop kernel: [    0.000000] total RAM covered: 8184M
Oct 15 12:25:40 wieker-desktop kernel: [    0.000000] Found optimal setting for mtrr clean up
Oct 15 12:25:40 wieker-desktop kernel: [    0.000000]  gran_size: 64K 	chunk_size: 16M 	num_reg: 5  	lose cover RAM: 0G
Oct 15 12:25:40 wieker-desktop kernel: [    0.000000] New variable MTRRs
Oct 15 12:25:40 wieker-desktop kernel: [    0.000000] reg 0, base: 0GB, range: 2GB, type WB
Oct 15 12:25:40 wieker-desktop kernel: [    0.000000] reg 1, base: 2GB, range: 1GB, type WB
Oct 15 12:25:40 wieker-desktop kernel: [    0.000000] reg 2, base: 4GB, range: 4GB, type WB
Oct 15 12:25:40 wieker-desktop kernel: [    0.000000] reg 3, base: 8GB, range: 1GB, type WB
Oct 15 12:25:40 wieker-desktop kernel: [    0.000000] reg 4, base: 9208MB, range: 8MB, type UC
Oct 15 12:25:40 wieker-desktop kernel: [    0.000000] e820 update range: 00000000c0000000 - 0000000100000000 (usable) ==> (reserved)
Oct 15 12:25:40 wieker-desktop kernel: [    0.000000] last_pfn = 0xbf800 max_arch_pfn = 0x400000000
Oct 15 12:25:40 wieker-desktop kernel: [    0.000000] found SMP MP-table at [ffff8800000fce50] fce50
Oct 15 12:25:40 wieker-desktop kernel: [    0.000000] initial memory mapped : 0 - 20000000
Oct 15 12:25:40 wieker-desktop kernel: [    0.000000] Base memory trampoline at [ffff880000099000] 99000 size 20480
Oct 15 12:25:40 wieker-desktop kernel: [    0.000000] init_memory_mapping: 0000000000000000-00000000bf800000
Oct 15 12:25:40 wieker-desktop kernel: [    0.000000]  0000000000 - 00bf800000 page 2M
Oct 15 12:25:40 wieker-desktop kernel: [    0.000000] kernel direct mapping tables up to bf800000 @ bf7fc000-bf800000
Oct 15 12:25:40 wieker-desktop kernel: [    0.000000] init_memory_mapping: 0000000100000000-000000023f800000
Oct 15 12:25:40 wieker-desktop kernel: [    0.000000]  0100000000 - 023f800000 page 2M
Oct 15 12:25:40 wieker-desktop kernel: [    0.000000] kernel direct mapping tables up to 23f800000 @ 23f7f6000-23f800000
Oct 15 12:25:40 wieker-desktop kernel: [    0.000000] RAMDISK: 365a0000 - 372c8000
Oct 15 12:25:40 wieker-desktop kernel: [    0.000000] ACPI: RSDP 00000000000f0420 00024 (v02 ALASKA)
Oct 15 12:25:40 wieker-desktop kernel: [    0.000000] ACPI: XSDT 00000000bf4a4068 0004C (v01 ALASKA    A M I 01072009 AMI  00010013)
Oct 15 12:25:40 wieker-desktop kernel: [    0.000000] ACPI: FACP 00000000bf4ab8e8 000F4 (v04 ALASKA    A M I 01072009 AMI  00010013)
Oct 15 12:25:40 wieker-desktop kernel: [    0.000000] ACPI: DSDT 00000000bf4a4140 077A5 (v02 ALASKA    A M I 00000000 INTL 20051117)
Oct 15 12:25:40 wieker-desktop kernel: [    0.000000] ACPI: FACS 00000000bf610f80 00040
Oct 15 12:25:40 wieker-desktop kernel: [    0.000000] ACPI: APIC 00000000bf4ab9e0 00072 (v03 ALASKA    A M I 01072009 AMI  00010013)
Oct 15 12:25:40 wieker-desktop kernel: [    0.000000] ACPI: SSDT 00000000bf4aba58 00102 (v01 AMICPU     PROC 00000001 MSFT 03000001)
Oct 15 12:25:40 wieker-desktop kernel: [    0.000000] ACPI: MCFG 00000000bf4abb60 0003C (v01 ALASKA    A M I 01072009 MSFT 00000097)
Oct 15 12:25:40 wieker-desktop kernel: [    0.000000] ACPI: HPET 00000000bf4abba0 00038 (v01 ALASKA    A M I 01072009 AMI. 00000004)
Oct 15 12:25:40 wieker-desktop kernel: [    0.000000] ACPI: Local APIC address 0xfee00000
Oct 15 12:25:40 wieker-desktop kernel: [    0.000000] No NUMA configuration found
Oct 15 12:25:40 wieker-desktop kernel: [    0.000000] Faking a node at 0000000000000000-000000023f800000
Oct 15 12:25:40 wieker-desktop kernel: [    0.000000] Initmem setup node 0 0000000000000000-000000023f800000
Oct 15 12:25:40 wieker-desktop kernel: [    0.000000]   NODE_DATA [000000023f7fb000 - 000000023f7fffff]
Oct 15 12:25:40 wieker-desktop kernel: [    0.000000]  [ffffea0000000000-ffffea0007dfffff] PMD -> [ffff880236e00000-ffff88023ddfffff] on node 0
Oct 15 12:25:40 wieker-desktop kernel: [    0.000000] Zone PFN ranges:
Oct 15 12:25:40 wieker-desktop kernel: [    0.000000]   DMA      0x00000010 -> 0x00001000
Oct 15 12:25:40 wieker-desktop kernel: [    0.000000]   DMA32    0x00001000 -> 0x00100000
Oct 15 12:25:40 wieker-desktop kernel: [    0.000000]   Normal   0x00100000 -> 0x0023f800
Oct 15 12:25:40 wieker-desktop kernel: [    0.000000] Movable zone start PFN for each node
Oct 15 12:25:40 wieker-desktop kernel: [    0.000000] early_node_map[5] active PFN ranges
Oct 15 12:25:40 wieker-desktop kernel: [    0.000000]     0: 0x00000010 -> 0x0000009e
Oct 15 12:25:40 wieker-desktop kernel: [    0.000000]     0: 0x00000100 -> 0x000bf459
Oct 15 12:25:40 wieker-desktop kernel: [    0.000000]     0: 0x000bf604 -> 0x000bf606
Oct 15 12:25:40 wieker-desktop kernel: [    0.000000]     0: 0x000bf685 -> 0x000bf800
Oct 15 12:25:40 wieker-desktop kernel: [    0.000000]     0: 0x00100000 -> 0x0023f800
Oct 15 12:25:40 wieker-desktop kernel: [    0.000000] On node 0 totalpages: 2092388
Oct 15 12:25:40 wieker-desktop kernel: [    0.000000]   DMA zone: 56 pages used for memmap
Oct 15 12:25:40 wieker-desktop kernel: [    0.000000]   DMA zone: 5 pages reserved
Oct 15 12:25:40 wieker-desktop kernel: [    0.000000]   DMA zone: 3921 pages, LIFO batch:0
Oct 15 12:25:40 wieker-desktop kernel: [    0.000000]   DMA32 zone: 14280 pages used for memmap
Oct 15 12:25:40 wieker-desktop kernel: [    0.000000]   DMA32 zone: 765454 pages, LIFO batch:31
Oct 15 12:25:40 wieker-desktop kernel: [    0.000000]   Normal zone: 17892 pages used for memmap
Oct 15 12:25:40 wieker-desktop kernel: [    0.000000]   Normal zone: 1290780 pages, LIFO batch:31
Oct 15 12:25:40 wieker-desktop kernel: [    0.000000] ACPI: PM-Timer IO Port: 0x408
Oct 15 12:25:40 wieker-desktop kernel: [    0.000000] ACPI: Local APIC address 0xfee00000
Oct 15 12:25:40 wieker-desktop kernel: [    0.000000] ACPI: LAPIC (acpi_id[0x01] lapic_id[0x00] enabled)
Oct 15 12:25:40 wieker-desktop kernel: [    0.000000] ACPI: LAPIC (acpi_id[0x02] lapic_id[0x02] enabled)
Oct 15 12:25:40 wieker-desktop kernel: [    0.000000] ACPI: LAPIC (acpi_id[0x03] lapic_id[0x04] enabled)
Oct 15 12:25:40 wieker-desktop kernel: [    0.000000] ACPI: LAPIC (acpi_id[0x04] lapic_id[0x06] enabled)
Oct 15 12:25:40 wieker-desktop kernel: [    0.000000] ACPI: LAPIC_NMI (acpi_id[0xff] high edge lint[0x1])
Oct 15 12:25:40 wieker-desktop kernel: [    0.000000] ACPI: IOAPIC (id[0x00] address[0xfec00000] gsi_base[0])
Oct 15 12:25:40 wieker-desktop kernel: [    0.000000] IOAPIC[0]: apic_id 0, version 32, address 0xfec00000, GSI 0-23
Oct 15 12:25:40 wieker-desktop kernel: [    0.000000] ACPI: INT_SRC_OVR (bus 0 bus_irq 0 global_irq 2 dfl dfl)
Oct 15 12:25:40 wieker-desktop kernel: [    0.000000] ACPI: INT_SRC_OVR (bus 0 bus_irq 9 global_irq 9 high level)
Oct 15 12:25:40 wieker-desktop kernel: [    0.000000] ACPI: IRQ0 used by override.
Oct 15 12:25:40 wieker-desktop kernel: [    0.000000] ACPI: IRQ2 used by override.
Oct 15 12:25:40 wieker-desktop kernel: [    0.000000] ACPI: IRQ9 used by override.
Oct 15 12:25:40 wieker-desktop kernel: [    0.000000] Using ACPI (MADT) for SMP configuration information
Oct 15 12:25:40 wieker-desktop kernel: [    0.000000] ACPI: HPET id: 0x8086a701 base: 0xfed00000
Oct 15 12:25:40 wieker-desktop kernel: [    0.000000] SMP: Allowing 4 CPUs, 0 hotplug CPUs
Oct 15 12:25:40 wieker-desktop kernel: [    0.000000] nr_irqs_gsi: 40
Oct 15 12:25:40 wieker-desktop kernel: [    0.000000] PM: Registered nosave memory: 000000000009e000 - 000000000009f000
Oct 15 12:25:40 wieker-desktop kernel: [    0.000000] PM: Registered nosave memory: 000000000009f000 - 00000000000a0000
Oct 15 12:25:40 wieker-desktop kernel: [    0.000000] PM: Registered nosave memory: 00000000000a0000 - 00000000000e0000
Oct 15 12:25:40 wieker-desktop kernel: [    0.000000] PM: Registered nosave memory: 00000000000e0000 - 0000000000100000
Oct 15 12:25:40 wieker-desktop kernel: [    0.000000] PM: Registered nosave memory: 00000000bf459000 - 00000000bf4ac000
Oct 15 12:25:40 wieker-desktop kernel: [    0.000000] PM: Registered nosave memory: 00000000bf4ac000 - 00000000bf5df000
Oct 15 12:25:40 wieker-desktop kernel: [    0.000000] PM: Registered nosave memory: 00000000bf5df000 - 00000000bf5f0000
Oct 15 12:25:40 wieker-desktop kernel: [    0.000000] PM: Registered nosave memory: 00000000bf5f0000 - 00000000bf604000
Oct 15 12:25:40 wieker-desktop kernel: [    0.000000] PM: Registered nosave memory: 00000000bf606000 - 00000000bf607000
Oct 15 12:25:40 wieker-desktop kernel: [    0.000000] PM: Registered nosave memory: 00000000bf607000 - 00000000bf60f000
Oct 15 12:25:40 wieker-desktop kernel: [    0.000000] PM: Registered nosave memory: 00000000bf60f000 - 00000000bf619000
Oct 15 12:25:40 wieker-desktop kernel: [    0.000000] PM: Registered nosave memory: 00000000bf619000 - 00000000bf642000
Oct 15 12:25:40 wieker-desktop kernel: [    0.000000] PM: Registered nosave memory: 00000000bf642000 - 00000000bf685000
Oct 15 12:25:40 wieker-desktop kernel: [    0.000000] PM: Registered nosave memory: 00000000bf800000 - 00000000fed1c000
Oct 15 12:25:40 wieker-desktop kernel: [    0.000000] PM: Registered nosave memory: 00000000fed1c000 - 00000000fed20000
Oct 15 12:25:40 wieker-desktop kernel: [    0.000000] PM: Registered nosave memory: 00000000fed20000 - 00000000ff000000
Oct 15 12:25:40 wieker-desktop kernel: [    0.000000] PM: Registered nosave memory: 00000000ff000000 - 0000000100000000
Oct 15 12:25:40 wieker-desktop kernel: [    0.000000] Allocating PCI resources starting at bf800000 (gap: bf800000:3f51c000)
Oct 15 12:25:40 wieker-desktop kernel: [    0.000000] Booting paravirtualized kernel on bare hardware
Oct 15 12:25:40 wieker-desktop kernel: [    0.000000] setup_percpu: NR_CPUS:256 nr_cpumask_bits:256 nr_cpu_ids:4 nr_node_ids:1
Oct 15 12:25:40 wieker-desktop kernel: [    0.000000] PERCPU: Embedded 27 pages/cpu @ffff88023f400000 s79616 r8192 d22784 u524288
Oct 15 12:25:40 wieker-desktop kernel: [    0.000000] pcpu-alloc: s79616 r8192 d22784 u524288 alloc=1*2097152
Oct 15 12:25:40 wieker-desktop kernel: [    0.000000] pcpu-alloc: [0] 0 1 2 3 
Oct 15 12:25:40 wieker-desktop kernel: [    0.000000] Built 1 zonelists in Zone order, mobility grouping on.  Total pages: 2060155
Oct 15 12:25:40 wieker-desktop kernel: [    0.000000] Policy zone: Normal
Oct 15 12:25:40 wieker-desktop kernel: [    0.000000] Kernel command line: BOOT_IMAGE=/boot/vmlinuz-3.0.0-12-generic root=UUID=bcd24dfd-761d-489e-ae71-497eea91f7dd ro
Oct 15 12:25:40 wieker-desktop kernel: [    0.000000] PID hash table entries: 4096 (order: 3, 32768 bytes)
Oct 15 12:25:40 wieker-desktop kernel: [    0.000000] xsave/xrstor: enabled xstate_bv 0x7, cntxt size 0x340
Oct 15 12:25:40 wieker-desktop kernel: [    0.000000] Checking aperture...
Oct 15 12:25:40 wieker-desktop kernel: [    0.000000] No AGP bridge found
Oct 15 12:25:40 wieker-desktop kernel: [    0.000000] Calgary: detecting Calgary via BIOS EBDA area
Oct 15 12:25:40 wieker-desktop kernel: [    0.000000] Calgary: Unable to locate Rio Grande table in EBDA - bailing!
Oct 15 12:25:40 wieker-desktop kernel: [    0.000000] Memory: 8161320k/9428992k available (6104k kernel code, 1059440k absent, 208232k reserved, 4880k data, 984k init)
Oct 15 12:25:40 wieker-desktop kernel: [    0.000000] SLUB: Genslabs=15, HWalign=64, Order=0-3, MinObjects=0, CPUs=4, Nodes=1
Oct 15 12:25:40 wieker-desktop kernel: [    0.000000] Hierarchical RCU implementation.
Oct 15 12:25:40 wieker-desktop kernel: [    0.000000] 	RCU dyntick-idle grace-period acceleration is enabled.
Oct 15 12:25:40 wieker-desktop kernel: [    0.000000] NR_IRQS:16640 nr_irqs:712 16
Oct 15 12:25:40 wieker-desktop kernel: [    0.000000] Extended CMOS year: 2000
Oct 15 12:25:40 wieker-desktop kernel: [    0.000000] Console: colour VGA+ 80x25
Oct 15 12:25:40 wieker-desktop kernel: [    0.000000] console [tty0] enabled
Oct 15 12:25:40 wieker-desktop kernel: [    0.000000] allocated 67108864 bytes of page_cgroup
Oct 15 12:25:40 wieker-desktop kernel: [    0.000000] please try 'cgroup_disable=memory' option if you don't want memory cgroups
Oct 15 12:25:40 wieker-desktop kernel: [    0.000000] hpet clockevent registered
Oct 15 12:25:40 wieker-desktop kernel: [    0.000000] Fast TSC calibration using PIT
Oct 15 12:25:40 wieker-desktop kernel: [    0.004000] Detected 2809.674 MHz processor.
Oct 15 12:25:40 wieker-desktop kernel: [    0.000002] Calibrating delay loop (skipped), value calculated using timer frequency.. 5619.34 BogoMIPS (lpj=11238696)
Oct 15 12:25:40 wieker-desktop kernel: [    0.000134] pid_max: default: 32768 minimum: 301
Oct 15 12:25:40 wieker-desktop kernel: [    0.000216] Security Framework initialized
Oct 15 12:25:40 wieker-desktop kernel: [    0.000290] AppArmor: AppArmor initialized
Oct 15 12:25:40 wieker-desktop kernel: [    0.000355] Yama: becoming mindful.
Oct 15 12:25:40 wieker-desktop kernel: [    0.001055] Dentry cache hash table entries: 1048576 (order: 11, 8388608 bytes)
Oct 15 12:25:40 wieker-desktop kernel: [    0.002595] Inode-cache hash table entries: 524288 (order: 10, 4194304 bytes)
Oct 15 12:25:40 wieker-desktop kernel: [    0.003245] Mount-cache hash table entries: 256
Oct 15 12:25:40 wieker-desktop kernel: [    0.003385] Initializing cgroup subsys cpuacct
Oct 15 12:25:40 wieker-desktop kernel: [    0.003453] Initializing cgroup subsys memory
Oct 15 12:25:40 wieker-desktop kernel: [    0.003521] Initializing cgroup subsys devices
Oct 15 12:25:40 wieker-desktop kernel: [    0.003586] Initializing cgroup subsys freezer
Oct 15 12:25:40 wieker-desktop kernel: [    0.003650] Initializing cgroup subsys net_cls
Oct 15 12:25:40 wieker-desktop kernel: [    0.003715] Initializing cgroup subsys blkio
Oct 15 12:25:40 wieker-desktop kernel: [    0.003783] Initializing cgroup subsys perf_event
Oct 15 12:25:40 wieker-desktop kernel: [    0.003867] CPU: Physical Processor ID: 0
Oct 15 12:25:40 wieker-desktop kernel: [    0.003932] CPU: Processor Core ID: 0
Oct 15 12:25:40 wieker-desktop kernel: [    0.003999] ENERGY_PERF_BIAS: Set to 'normal', was 'performance'
Oct 15 12:25:40 wieker-desktop kernel: [    0.003999] ENERGY_PERF_BIAS: View and update with x86_energy_perf_policy(8)
Oct 15 12:25:40 wieker-desktop kernel: [    0.004132] mce: CPU supports 9 MCE banks
Oct 15 12:25:40 wieker-desktop kernel: [    0.004207] CPU0: Thermal monitoring enabled (TM1)
Oct 15 12:25:40 wieker-desktop kernel: [    0.004279] using mwait in idle threads.
Oct 15 12:25:40 wieker-desktop kernel: [    0.006307] ACPI: Core revision 20110413
Oct 15 12:25:40 wieker-desktop kernel: [    0.016513] ftrace: allocating 25651 entries in 101 pages
Oct 15 12:25:40 wieker-desktop kernel: [    0.024742] ..TIMER: vector=0x30 apic1=0 pin1=2 apic2=-1 pin2=-1
Oct 15 12:25:40 wieker-desktop kernel: [    0.064442] CPU0: Intel(R) Core(TM) i5-2300 CPU @ 2.80GHz stepping 07
Oct 15 12:25:40 wieker-desktop kernel: [    0.172160] Performance Events: PEBS fmt1+, SandyBridge events, Intel PMU driver.
Oct 15 12:25:40 wieker-desktop kernel: [    0.172398] ... version:                3
Oct 15 12:25:40 wieker-desktop kernel: [    0.172462] ... bit width:              48
Oct 15 12:25:40 wieker-desktop kernel: [    0.172527] ... generic registers:      8
Oct 15 12:25:40 wieker-desktop kernel: [    0.172591] ... value mask:             0000ffffffffffff
Oct 15 12:25:40 wieker-desktop kernel: [    0.172656] ... max period:             000000007fffffff
Oct 15 12:25:40 wieker-desktop kernel: [    0.172721] ... fixed-purpose events:   3
Oct 15 12:25:40 wieker-desktop kernel: [    0.172786] ... event mask:             00000007000000ff
Oct 15 12:25:40 wieker-desktop kernel: [    0.173143] Booting Node   0, Processors  #1
Oct 15 12:25:40 wieker-desktop kernel: [    0.173255] smpboot cpu 1: start_ip = 99000
Oct 15 12:25:40 wieker-desktop kernel: [    0.284154]  #2
Oct 15 12:25:40 wieker-desktop kernel: [    0.284211] smpboot cpu 2: start_ip = 99000
Oct 15 12:25:40 wieker-desktop kernel: [    0.392025]  #3 Ok.
Oct 15 12:25:40 wieker-desktop kernel: [    0.392089] smpboot cpu 3: start_ip = 99000
Oct 15 12:25:40 wieker-desktop kernel: [    0.499795] Brought up 4 CPUs
Oct 15 12:25:40 wieker-desktop kernel: [    0.499861] Total of 4 processors activated (22475.93 BogoMIPS).
Oct 15 12:25:40 wieker-desktop kernel: [    0.502018] devtmpfs: initialized
Oct 15 12:25:40 wieker-desktop kernel: [    0.502173] PM: Registering ACPI NVS region at bf459000 (339968 bytes)
Oct 15 12:25:40 wieker-desktop kernel: [    0.502244] PM: Registering ACPI NVS region at bf5df000 (69632 bytes)
Oct 15 12:25:40 wieker-desktop kernel: [    0.502312] PM: Registering ACPI NVS region at bf60f000 (40960 bytes)
Oct 15 12:25:40 wieker-desktop kernel: [    0.502380] PM: Registering ACPI NVS region at bf642000 (274432 bytes)
Oct 15 12:25:40 wieker-desktop kernel: [    0.503479] print_constraints: dummy: 
Oct 15 12:25:40 wieker-desktop kernel: [    0.503570] Time:  8:25:10  Date: 10/15/11
Oct 15 12:25:40 wieker-desktop kernel: [    0.503656] NET: Registered protocol family 16
Oct 15 12:25:40 wieker-desktop kernel: [    0.503797] ACPI: bus type pci registered
Oct 15 12:25:40 wieker-desktop kernel: [    0.503801] Trying to unpack rootfs image as initramfs...
Oct 15 12:25:40 wieker-desktop kernel: [    0.503966] PCI: MMCONFIG for domain 0000 [bus 00-3f] at [mem 0xe0000000-0xe3ffffff] (base 0xe0000000)
Oct 15 12:25:40 wieker-desktop kernel: [    0.504043] PCI: not using MMCONFIG
Oct 15 12:25:40 wieker-desktop kernel: [    0.504107] PCI: Using configuration type 1 for base access
Oct 15 12:25:40 wieker-desktop kernel: [    0.504629] bio: create slab <bio-0> at 0
Oct 15 12:25:40 wieker-desktop kernel: [    0.505501] ACPI: EC: Look up EC in DSDT
Oct 15 12:25:40 wieker-desktop kernel: [    0.506264] ACPI: Executed 1 blocks of module-level executable AML code
Oct 15 12:25:40 wieker-desktop kernel: [    0.507998] ACPI Error: [RAMB] Namespace lookup failure, AE_NOT_FOUND (20110413/psargs-359)
Oct 15 12:25:40 wieker-desktop kernel: [    0.508237] ACPI Exception: AE_NOT_FOUND, Could not execute arguments for [RAMW] (Region) (20110413/nsinit-349)
Oct 15 12:25:40 wieker-desktop kernel: [    0.508597] ACPI: SSDT 00000000bf60fc18 0038C (v01    AMI      IST 00000001 MSFT 03000001)
Oct 15 12:25:40 wieker-desktop kernel: [    0.508994] ACPI: Dynamic OEM Table Load:
Oct 15 12:25:40 wieker-desktop kernel: [    0.509166] ACPI: SSDT           (null) 0038C (v01    AMI      IST 00000001 MSFT 03000001)
Oct 15 12:25:40 wieker-desktop kernel: [    0.509364] ACPI: SSDT 00000000bf610e18 00084 (v01    AMI      CST 00000001 MSFT 03000001)
Oct 15 12:25:40 wieker-desktop kernel: [    0.510231] ACPI: Dynamic OEM Table Load:
Oct 15 12:25:40 wieker-desktop kernel: [    0.510403] ACPI: SSDT           (null) 00084 (v01    AMI      CST 00000001 MSFT 03000001)
Oct 15 12:25:40 wieker-desktop kernel: [    0.510891] ACPI: Interpreter enabled
Oct 15 12:25:40 wieker-desktop kernel: [    0.510956] ACPI: (supports S0 S1 S3 S4 S5)
Oct 15 12:25:40 wieker-desktop kernel: [    0.511301] ACPI: Using IOAPIC for interrupt routing
Oct 15 12:25:40 wieker-desktop kernel: [    0.511381] PCI: MMCONFIG for domain 0000 [bus 00-3f] at [mem 0xe0000000-0xe3ffffff] (base 0xe0000000)
Oct 15 12:25:40 wieker-desktop kernel: [    0.511507] PCI: MMCONFIG at [mem 0xe0000000-0xe3ffffff] reserved in ACPI motherboard resources
Oct 15 12:25:40 wieker-desktop kernel: [    0.523107] [Firmware Bug]: ACPI: BIOS _OSI(Linux) query ignored
Oct 15 12:25:40 wieker-desktop kernel: [    0.526386] ACPI: No dock devices found.
Oct 15 12:25:40 wieker-desktop kernel: [    0.526451] HEST: Table not found.
Oct 15 12:25:40 wieker-desktop kernel: [    0.526516] PCI: Using host bridge windows from ACPI; if necessary, use "pci=nocrs" and report a bug
Oct 15 12:25:40 wieker-desktop kernel: [    0.526724] ACPI: PCI Root Bridge [PCI0] (domain 0000 [bus 00-ff])
Oct 15 12:25:40 wieker-desktop kernel: [    0.526936] pci_root PNP0A08:00: host bridge window [io  0x0000-0x0cf7]
Oct 15 12:25:40 wieker-desktop kernel: [    0.527003] pci_root PNP0A08:00: host bridge window [io  0x0d00-0xffff]
Oct 15 12:25:40 wieker-desktop kernel: [    0.527071] pci_root PNP0A08:00: host bridge window [mem 0x000a0000-0x000bffff]
Oct 15 12:25:40 wieker-desktop kernel: [    0.527146] pci_root PNP0A08:00: host bridge window [mem 0x000c8000-0x000dffff]
Oct 15 12:25:40 wieker-desktop kernel: [    0.527221] pci_root PNP0A08:00: host bridge window [mem 0xc0000000-0xffffffff]
Oct 15 12:25:40 wieker-desktop kernel: [    0.527297] pci_root PNP0A08:00: address space collision: host bridge window [mem 0x000c8000-0x000dffff] conflicts with Video ROM [mem 0x000c0000-0x000cddff]
Oct 15 12:25:40 wieker-desktop kernel: [    0.527384] pci 0000:00:00.0: [8086:0100] type 0 class 0x000600
Oct 15 12:25:40 wieker-desktop kernel: [    0.527412] pci 0000:00:01.0: [8086:0101] type 1 class 0x000604
Oct 15 12:25:40 wieker-desktop kernel: [    0.527432] pci 0000:00:01.0: PME# supported from D0 D3hot D3cold
Oct 15 12:25:40 wieker-desktop kernel: [    0.527434] pci 0000:00:01.0: PME# disabled
Oct 15 12:25:40 wieker-desktop kernel: [    0.527492] pci 0000:00:16.0: [8086:1c3a] type 0 class 0x000780
Oct 15 12:25:40 wieker-desktop kernel: [    0.527524] pci 0000:00:16.0: reg 10: [mem 0xfb307000-0xfb30700f 64bit]
Oct 15 12:25:40 wieker-desktop kernel: [    0.527610] pci 0000:00:16.0: PME# supported from D0 D3hot D3cold
Oct 15 12:25:40 wieker-desktop kernel: [    0.527615] pci 0000:00:16.0: PME# disabled
Oct 15 12:25:40 wieker-desktop kernel: [    0.527658] pci 0000:00:1a.0: [8086:1c2d] type 0 class 0x000c03
Oct 15 12:25:40 wieker-desktop kernel: [    0.527690] pci 0000:00:1a.0: reg 10: [mem 0xfb306000-0xfb3063ff]
Oct 15 12:25:40 wieker-desktop kernel: [    0.527792] pci 0000:00:1a.0: PME# supported from D0 D3hot D3cold
Oct 15 12:25:40 wieker-desktop kernel: [    0.527797] pci 0000:00:1a.0: PME# disabled
Oct 15 12:25:40 wieker-desktop kernel: [    0.527828] pci 0000:00:1b.0: [8086:1c20] type 0 class 0x000403
Oct 15 12:25:40 wieker-desktop kernel: [    0.527849] pci 0000:00:1b.0: reg 10: [mem 0xfb300000-0xfb303fff 64bit]
Oct 15 12:25:40 wieker-desktop kernel: [    0.527930] pci 0000:00:1b.0: PME# supported from D0 D3hot D3cold
Oct 15 12:25:40 wieker-desktop kernel: [    0.527934] pci 0000:00:1b.0: PME# disabled
Oct 15 12:25:40 wieker-desktop kernel: [    0.527960] pci 0000:00:1c.0: [8086:1c10] type 1 class 0x000604
Oct 15 12:25:40 wieker-desktop kernel: [    0.528050] pci 0000:00:1c.0: PME# supported from D0 D3hot D3cold
Oct 15 12:25:40 wieker-desktop kernel: [    0.528054] pci 0000:00:1c.0: PME# disabled
Oct 15 12:25:40 wieker-desktop kernel: [    0.528085] pci 0000:00:1c.2: [8086:1c14] type 1 class 0x000604
Oct 15 12:25:40 wieker-desktop kernel: [    0.528174] pci 0000:00:1c.2: PME# supported from D0 D3hot D3cold
Oct 15 12:25:40 wieker-desktop kernel: [    0.528178] pci 0000:00:1c.2: PME# disabled
Oct 15 12:25:40 wieker-desktop kernel: [    0.528209] pci 0000:00:1c.3: [8086:1c16] type 1 class 0x000604
Oct 15 12:25:40 wieker-desktop kernel: [    0.528298] pci 0000:00:1c.3: PME# supported from D0 D3hot D3cold
Oct 15 12:25:40 wieker-desktop kernel: [    0.528302] pci 0000:00:1c.3: PME# disabled
Oct 15 12:25:40 wieker-desktop kernel: [    0.528332] pci 0000:00:1c.4: [8086:244e] type 1 class 0x000604
Oct 15 12:25:40 wieker-desktop kernel: [    0.528419] pci 0000:00:1c.4: PME# supported from D0 D3hot D3cold
Oct 15 12:25:40 wieker-desktop kernel: [    0.528424] pci 0000:00:1c.4: PME# disabled
Oct 15 12:25:40 wieker-desktop kernel: [    0.528453] pci 0000:00:1c.5: [8086:1c1a] type 1 class 0x000604
Oct 15 12:25:40 wieker-desktop kernel: [    0.528542] pci 0000:00:1c.5: PME# supported from D0 D3hot D3cold
Oct 15 12:25:40 wieker-desktop kernel: [    0.528546] pci 0000:00:1c.5: PME# disabled
Oct 15 12:25:40 wieker-desktop kernel: [    0.528576] pci 0000:00:1c.6: [8086:1c1c] type 1 class 0x000604
Oct 15 12:25:40 wieker-desktop kernel: [    0.528664] pci 0000:00:1c.6: PME# supported from D0 D3hot D3cold
Oct 15 12:25:40 wieker-desktop kernel: [    0.528668] pci 0000:00:1c.6: PME# disabled
Oct 15 12:25:40 wieker-desktop kernel: [    0.528698] pci 0000:00:1c.7: [8086:1c1e] type 1 class 0x000604
Oct 15 12:25:40 wieker-desktop kernel: [    0.528787] pci 0000:00:1c.7: PME# supported from D0 D3hot D3cold
Oct 15 12:25:40 wieker-desktop kernel: [    0.528792] pci 0000:00:1c.7: PME# disabled
Oct 15 12:25:40 wieker-desktop kernel: [    0.528828] pci 0000:00:1d.0: [8086:1c26] type 0 class 0x000c03
Oct 15 12:25:40 wieker-desktop kernel: [    0.528856] pci 0000:00:1d.0: reg 10: [mem 0xfb305000-0xfb3053ff]
Oct 15 12:25:40 wieker-desktop kernel: [    0.528960] pci 0000:00:1d.0: PME# supported from D0 D3hot D3cold
Oct 15 12:25:40 wieker-desktop kernel: [    0.528965] pci 0000:00:1d.0: PME# disabled
Oct 15 12:25:40 wieker-desktop kernel: [    0.528994] pci 0000:00:1f.0: [8086:1c4a] type 0 class 0x000601
Oct 15 12:25:40 wieker-desktop kernel: [    0.529143] pci 0000:00:1f.2: [8086:1c00] type 0 class 0x000101
Oct 15 12:25:40 wieker-desktop kernel: [    0.529165] pci 0000:00:1f.2: reg 10: [io  0xf0d0-0xf0d7]
Oct 15 12:25:40 wieker-desktop kernel: [    0.529177] pci 0000:00:1f.2: reg 14: [io  0xf0c0-0xf0c3]
Oct 15 12:25:40 wieker-desktop kernel: [    0.529188] pci 0000:00:1f.2: reg 18: [io  0xf0b0-0xf0b7]
Oct 15 12:25:40 wieker-desktop kernel: [    0.529199] pci 0000:00:1f.2: reg 1c: [io  0xf0a0-0xf0a3]
Oct 15 12:25:40 wieker-desktop kernel: [    0.529210] pci 0000:00:1f.2: reg 20: [io  0xf090-0xf09f]
Oct 15 12:25:40 wieker-desktop kernel: [    0.529220] pci 0000:00:1f.2: reg 24: [io  0xf080-0xf08f]
Oct 15 12:25:40 wieker-desktop kernel: [    0.529273] pci 0000:00:1f.3: [8086:1c22] type 0 class 0x000c05
Oct 15 12:25:40 wieker-desktop kernel: [    0.529294] pci 0000:00:1f.3: reg 10: [mem 0xfb304000-0xfb3040ff 64bit]
Oct 15 12:25:40 wieker-desktop kernel: [    0.529325] pci 0000:00:1f.3: reg 20: [io  0xf000-0xf01f]
Oct 15 12:25:40 wieker-desktop kernel: [    0.529369] pci 0000:00:1f.5: [8086:1c08] type 0 class 0x000101
Oct 15 12:25:40 wieker-desktop kernel: [    0.529392] pci 0000:00:1f.5: reg 10: [io  0xf070-0xf077]
Oct 15 12:25:40 wieker-desktop kernel: [    0.529403] pci 0000:00:1f.5: reg 14: [io  0xf060-0xf063]
Oct 15 12:25:40 wieker-desktop kernel: [    0.529414] pci 0000:00:1f.5: reg 18: [io  0xf050-0xf057]
Oct 15 12:25:40 wieker-desktop kernel: [    0.529425] pci 0000:00:1f.5: reg 1c: [io  0xf040-0xf043]
Oct 15 12:25:40 wieker-desktop kernel: [    0.529436] pci 0000:00:1f.5: reg 20: [io  0xf030-0xf03f]
Oct 15 12:25:40 wieker-desktop kernel: [    0.529447] pci 0000:00:1f.5: reg 24: [io  0xf020-0xf02f]
Oct 15 12:25:40 wieker-desktop kernel: [    0.529518] pci 0000:01:00.0: [10de:0391] type 0 class 0x000300
Oct 15 12:25:40 wieker-desktop kernel: [    0.529526] pci 0000:01:00.0: reg 10: [mem 0xfa000000-0xfaffffff]
Oct 15 12:25:40 wieker-desktop kernel: [    0.529534] pci 0000:01:00.0: reg 14: [mem 0xc0000000-0xcfffffff 64bit pref]
Oct 15 12:25:40 wieker-desktop kernel: [    0.529543] pci 0000:01:00.0: reg 1c: [mem 0xf9000000-0xf9ffffff 64bit]
Oct 15 12:25:40 wieker-desktop kernel: [    0.529548] pci 0000:01:00.0: reg 24: [io  0xe000-0xe07f]
Oct 15 12:25:40 wieker-desktop kernel: [    0.529554] pci 0000:01:00.0: reg 30: [mem 0xfb000000-0xfb01ffff pref]
Oct 15 12:25:40 wieker-desktop kernel: [    0.529577] pci 0000:01:00.0: disabling ASPM on pre-1.1 PCIe device.  You can enable it with 'pcie_aspm=force'
Oct 15 12:25:40 wieker-desktop kernel: [    0.529658] pci 0000:00:01.0: PCI bridge to [bus 01-01]
Oct 15 12:25:40 wieker-desktop kernel: [    0.529725] pci 0000:00:01.0:   bridge window [io  0xe000-0xefff]
Oct 15 12:25:40 wieker-desktop kernel: [    0.529727] pci 0000:00:01.0:   bridge window [mem 0xf9000000-0xfb0fffff]
Oct 15 12:25:40 wieker-desktop kernel: [    0.529730] pci 0000:00:01.0:   bridge window [mem 0xc0000000-0xcfffffff 64bit pref]
Oct 15 12:25:40 wieker-desktop kernel: [    0.529791] pci 0000:00:1c.0: PCI bridge to [bus 02-02]
Oct 15 12:25:40 wieker-desktop kernel: [    0.529860] pci 0000:00:1c.0:   bridge window [io  0xf000-0x0000] (disabled)
Oct 15 12:25:40 wieker-desktop kernel: [    0.529864] pci 0000:00:1c.0:   bridge window [mem 0xfff00000-0x000fffff] (disabled)
Oct 15 12:25:40 wieker-desktop kernel: [    0.529872] pci 0000:00:1c.0:   bridge window [mem 0xfff00000-0x000fffff pref] (disabled)
Oct 15 12:25:40 wieker-desktop kernel: [    0.529935] pci 0000:00:1c.2: PCI bridge to [bus 03-03]
Oct 15 12:25:40 wieker-desktop kernel: [    0.530004] pci 0000:00:1c.2:   bridge window [io  0xf000-0x0000] (disabled)
Oct 15 12:25:40 wieker-desktop kernel: [    0.530009] pci 0000:00:1c.2:   bridge window [mem 0xfff00000-0x000fffff] (disabled)
Oct 15 12:25:40 wieker-desktop kernel: [    0.530016] pci 0000:00:1c.2:   bridge window [mem 0xfff00000-0x000fffff pref] (disabled)
Oct 15 12:25:40 wieker-desktop kernel: [    0.530080] pci 0000:00:1c.3: PCI bridge to [bus 04-04]
Oct 15 12:25:40 wieker-desktop kernel: [    0.530149] pci 0000:00:1c.3:   bridge window [io  0xf000-0x0000] (disabled)
Oct 15 12:25:40 wieker-desktop kernel: [    0.530153] pci 0000:00:1c.3:   bridge window [mem 0xfff00000-0x000fffff] (disabled)
Oct 15 12:25:40 wieker-desktop kernel: [    0.530161] pci 0000:00:1c.3:   bridge window [mem 0xfff00000-0x000fffff pref] (disabled)
Oct 15 12:25:40 wieker-desktop kernel: [    0.530241] pci 0000:05:00.0: [1b21:1080] type 1 class 0x000604
Oct 15 12:25:40 wieker-desktop kernel: [    0.530372] pci 0000:00:1c.4: PCI bridge to [bus 05-06] (subtractive decode)
Oct 15 12:25:40 wieker-desktop kernel: [    0.530443] pci 0000:00:1c.4:   bridge window [io  0xf000-0x0000] (disabled)
Oct 15 12:25:40 wieker-desktop kernel: [    0.530447] pci 0000:00:1c.4:   bridge window [mem 0xfff00000-0x000fffff] (disabled)
Oct 15 12:25:40 wieker-desktop kernel: [    0.530455] pci 0000:00:1c.4:   bridge window [mem 0xfff00000-0x000fffff pref] (disabled)
Oct 15 12:25:40 wieker-desktop kernel: [    0.530457] pci 0000:00:1c.4:   bridge window [io  0x0000-0x0cf7] (subtractive decode)
Oct 15 12:25:40 wieker-desktop kernel: [    0.530459] pci 0000:00:1c.4:   bridge window [io  0x0d00-0xffff] (subtractive decode)
Oct 15 12:25:40 wieker-desktop kernel: [    0.530460] pci 0000:00:1c.4:   bridge window [mem 0x000a0000-0x000bffff] (subtractive decode)
Oct 15 12:25:40 wieker-desktop kernel: [    0.530462] pci 0000:00:1c.4:   bridge window [mem 0xc0000000-0xffffffff] (subtractive decode)
Oct 15 12:25:40 wieker-desktop kernel: [    0.530602] pci 0000:05:00.0: PCI bridge to [bus 06-06] (subtractive decode)
Oct 15 12:25:40 wieker-desktop kernel: [    0.530680] pci 0000:05:00.0:   bridge window [io  0xfff000-0x0000] (disabled)
Oct 15 12:25:40 wieker-desktop kernel: [    0.530686] pci 0000:05:00.0:   bridge window [mem 0xfff00000-0x000fffff] (disabled)
Oct 15 12:25:40 wieker-desktop kernel: [    0.530698] pci 0000:05:00.0:   bridge window [mem 0xfff00000-0x000fffff pref] (disabled)
Oct 15 12:25:40 wieker-desktop kernel: [    0.530700] pci 0000:05:00.0:   bridge window [??? 0x00000000 flags 0x0] (subtractive decode)
Oct 15 12:25:40 wieker-desktop kernel: [    0.530701] pci 0000:05:00.0:   bridge window [??? 0x00000000 flags 0x0] (subtractive decode)
Oct 15 12:25:40 wieker-desktop kernel: [    0.530703] pci 0000:05:00.0:   bridge window [??? 0x00000000 flags 0x0] (subtractive decode)
Oct 15 12:25:40 wieker-desktop kernel: [    0.530705] pci 0000:05:00.0:   bridge window [??? 0x00000000 flags 0x0] (subtractive decode)
Oct 15 12:25:40 wieker-desktop kernel: [    0.530706] pci 0000:05:00.0:   bridge window [io  0x0000-0x0cf7] (subtractive decode)
Oct 15 12:25:40 wieker-desktop kernel: [    0.530708] pci 0000:05:00.0:   bridge window [io  0x0d00-0xffff] (subtractive decode)
Oct 15 12:25:40 wieker-desktop kernel: [    0.530710] pci 0000:05:00.0:   bridge window [mem 0x000a0000-0x000bffff] (subtractive decode)
Oct 15 12:25:40 wieker-desktop kernel: [    0.530711] pci 0000:05:00.0:   bridge window [mem 0xc0000000-0xffffffff] (subtractive decode)
Oct 15 12:25:40 wieker-desktop kernel: [    0.530812] pci 0000:07:00.0: [1106:0415] type 0 class 0x000101
Oct 15 12:25:40 wieker-desktop kernel: [    0.530837] pci 0000:07:00.0: reg 10: [io  0xd040-0xd047]
Oct 15 12:25:40 wieker-desktop kernel: [    0.530854] pci 0000:07:00.0: reg 14: [io  0xd030-0xd033]
Oct 15 12:25:40 wieker-desktop kernel: [    0.530872] pci 0000:07:00.0: reg 18: [io  0xd020-0xd027]
Oct 15 12:25:40 wieker-desktop kernel: [    0.530889] pci 0000:07:00.0: reg 1c: [io  0xd010-0xd013]
Oct 15 12:25:40 wieker-desktop kernel: [    0.530907] pci 0000:07:00.0: reg 20: [io  0xd000-0xd00f]
Oct 15 12:25:40 wieker-desktop kernel: [    0.530940] pci 0000:07:00.0: reg 30: [mem 0xfb200000-0xfb20ffff pref]
Oct 15 12:25:40 wieker-desktop kernel: [    0.530993] pci 0000:07:00.0: supports D1 D2
Oct 15 12:25:40 wieker-desktop kernel: [    0.530994] pci 0000:07:00.0: PME# supported from D1 D2 D3hot
Oct 15 12:25:40 wieker-desktop kernel: [    0.531000] pci 0000:07:00.0: PME# disabled
Oct 15 12:25:40 wieker-desktop kernel: [    0.535690] pci 0000:00:1c.5: PCI bridge to [bus 07-07]
Oct 15 12:25:40 wieker-desktop kernel: [    0.535760] pci 0000:00:1c.5:   bridge window [io  0xd000-0xdfff]
Oct 15 12:25:40 wieker-desktop kernel: [    0.535764] pci 0000:00:1c.5:   bridge window [mem 0xfb200000-0xfb2fffff]
Oct 15 12:25:40 wieker-desktop kernel: [    0.535771] pci 0000:00:1c.5:   bridge window [mem 0xfff00000-0x000fffff pref] (disabled)
Oct 15 12:25:40 wieker-desktop kernel: [    0.535859] pci 0000:08:00.0: [10ec:8168] type 0 class 0x000200
Oct 15 12:25:40 wieker-desktop kernel: [    0.535884] pci 0000:08:00.0: reg 10: [io  0xc000-0xc0ff]
Oct 15 12:25:40 wieker-desktop kernel: [    0.535927] pci 0000:08:00.0: reg 18: [mem 0xd0004000-0xd0004fff 64bit pref]
Oct 15 12:25:40 wieker-desktop kernel: [    0.535954] pci 0000:08:00.0: reg 20: [mem 0xd0000000-0xd0003fff 64bit pref]
Oct 15 12:25:40 wieker-desktop kernel: [    0.536029] pci 0000:08:00.0: supports D1 D2
Oct 15 12:25:40 wieker-desktop kernel: [    0.536030] pci 0000:08:00.0: PME# supported from D0 D1 D2 D3hot D3cold
Oct 15 12:25:40 wieker-desktop kernel: [    0.536036] pci 0000:08:00.0: PME# disabled
Oct 15 12:25:40 wieker-desktop kernel: [    0.543682] pci 0000:00:1c.6: PCI bridge to [bus 08-08]
Oct 15 12:25:40 wieker-desktop kernel: [    0.543753] pci 0000:00:1c.6:   bridge window [io  0xc000-0xcfff]
Oct 15 12:25:40 wieker-desktop kernel: [    0.543757] pci 0000:00:1c.6:   bridge window [mem 0xfff00000-0x000fffff] (disabled)
Oct 15 12:25:40 wieker-desktop kernel: [    0.543765] pci 0000:00:1c.6:   bridge window [mem 0xd0000000-0xd00fffff 64bit pref]
Oct 15 12:25:40 wieker-desktop kernel: [    0.543859] pci 0000:09:00.0: [1b21:1042] type 0 class 0x000c03
Oct 15 12:25:40 wieker-desktop kernel: [    0.543895] pci 0000:09:00.0: reg 10: [mem 0xfb100000-0xfb107fff 64bit]
Oct 15 12:25:40 wieker-desktop kernel: [    0.544052] pci 0000:09:00.0: PME# supported from D3hot D3cold
Oct 15 12:25:40 wieker-desktop kernel: [    0.544058] pci 0000:09:00.0: PME# disabled
Oct 15 12:25:40 wieker-desktop kernel: [    0.551669] pci 0000:00:1c.7: PCI bridge to [bus 09-09]
Oct 15 12:25:40 wieker-desktop kernel: [    0.551739] pci 0000:00:1c.7:   bridge window [io  0xf000-0x0000] (disabled)
Oct 15 12:25:40 wieker-desktop kernel: [    0.551744] pci 0000:00:1c.7:   bridge window [mem 0xfb100000-0xfb1fffff]
Oct 15 12:25:40 wieker-desktop kernel: [    0.551751] pci 0000:00:1c.7:   bridge window [mem 0xfff00000-0x000fffff pref] (disabled)
Oct 15 12:25:40 wieker-desktop kernel: [    0.551803] ACPI: PCI Interrupt Routing Table [\_SB_.PCI0._PRT]
Oct 15 12:25:40 wieker-desktop kernel: [    0.551880] ACPI: PCI Interrupt Routing Table [\_SB_.PCI0.P0P1._PRT]
Oct 15 12:25:40 wieker-desktop kernel: [    0.551900] ACPI: PCI Interrupt Routing Table [\_SB_.PCI0.PEX0._PRT]
Oct 15 12:25:40 wieker-desktop kernel: [    0.551919] ACPI: PCI Interrupt Routing Table [\_SB_.PCI0.PEX2._PRT]
Oct 15 12:25:40 wieker-desktop kernel: [    0.551937] ACPI: PCI Interrupt Routing Table [\_SB_.PCI0.PEX3._PRT]
Oct 15 12:25:40 wieker-desktop kernel: [    0.551958] ACPI: PCI Interrupt Routing Table [\_SB_.PCI0.PEX4.BR16._PRT]
Oct 15 12:25:40 wieker-desktop kernel: [    0.551989] ACPI: PCI Interrupt Routing Table [\_SB_.PCI0.PEX5._PRT]
Oct 15 12:25:40 wieker-desktop kernel: [    0.552010] ACPI: PCI Interrupt Routing Table [\_SB_.PCI0.PEX6._PRT]
Oct 15 12:25:40 wieker-desktop kernel: [    0.552028] ACPI: PCI Interrupt Routing Table [\_SB_.PCI0.PEX7._PRT]
Oct 15 12:25:40 wieker-desktop kernel: [    0.552109]  pci0000:00: Requesting ACPI _OSC control (0x1d)
Oct 15 12:25:40 wieker-desktop kernel: [    0.552316]  pci0000:00: ACPI _OSC control (0x1c) granted
Oct 15 12:25:40 wieker-desktop kernel: [    0.555001] ACPI: PCI Interrupt Link [LNKA] (IRQs 3 4 5 6 7 10 *11 12 14 15)
Oct 15 12:25:40 wieker-desktop kernel: [    0.555746] ACPI: PCI Interrupt Link [LNKB] (IRQs 3 4 5 6 *7 10 11 12 14 15)
Oct 15 12:25:40 wieker-desktop kernel: [    0.556484] ACPI: PCI Interrupt Link [LNKC] (IRQs 3 4 5 6 10 *11 12 14 15)
Oct 15 12:25:40 wieker-desktop kernel: [    0.557166] ACPI: PCI Interrupt Link [LNKD] (IRQs 3 4 5 6 *10 11 12 14 15)
Oct 15 12:25:40 wieker-desktop kernel: [    0.557850] ACPI: PCI Interrupt Link [LNKE] (IRQs 3 4 *5 6 7 10 11 12 14 15)
Oct 15 12:25:40 wieker-desktop kernel: [    0.558587] ACPI: PCI Interrupt Link [LNKF] (IRQs 3 4 5 6 7 *10 11 12 14 15)
Oct 15 12:25:40 wieker-desktop kernel: [    0.559324] ACPI: PCI Interrupt Link [LNKG] (IRQs *3 4 5 6 7 10 11 12 14 15)
Oct 15 12:25:40 wieker-desktop kernel: [    0.560066] ACPI: PCI Interrupt Link [LNKH] (IRQs 3 4 *5 6 7 10 11 12 14 15)
Oct 15 12:25:40 wieker-desktop kernel: [    0.560842] vgaarb: device added: PCI:0000:01:00.0,decodes=io+mem,owns=io+mem,locks=none
Oct 15 12:25:40 wieker-desktop kernel: [    0.560918] vgaarb: loaded
Oct 15 12:25:40 wieker-desktop kernel: [    0.560981] vgaarb: bridge control possible 0000:01:00.0
Oct 15 12:25:40 wieker-desktop kernel: [    0.561160] SCSI subsystem initialized
Oct 15 12:25:40 wieker-desktop kernel: [    0.561261] libata version 3.00 loaded.
Oct 15 12:25:40 wieker-desktop kernel: [    0.561286] usbcore: registered new interface driver usbfs
Oct 15 12:25:40 wieker-desktop kernel: [    0.561357] usbcore: registered new interface driver hub
Oct 15 12:25:40 wieker-desktop kernel: [    0.561437] usbcore: registered new device driver usb
Oct 15 12:25:40 wieker-desktop kernel: [    0.561546] PCI: Using ACPI for IRQ routing
Oct 15 12:25:40 wieker-desktop kernel: [    0.563877] PCI: pci_cache_line_size set to 64 bytes
Oct 15 12:25:40 wieker-desktop kernel: [    0.563966] reserve RAM buffer: 000000000009ec00 - 000000000009ffff 
Oct 15 12:25:40 wieker-desktop kernel: [    0.563968] reserve RAM buffer: 00000000bf459000 - 00000000bfffffff 
Oct 15 12:25:40 wieker-desktop kernel: [    0.563970] reserve RAM buffer: 00000000bf606000 - 00000000bfffffff 
Oct 15 12:25:40 wieker-desktop kernel: [    0.563972] reserve RAM buffer: 00000000bf800000 - 00000000bfffffff 
Oct 15 12:25:40 wieker-desktop kernel: [    0.563974] reserve RAM buffer: 000000023f800000 - 000000023fffffff 
Oct 15 12:25:40 wieker-desktop kernel: [    0.564033] NetLabel: Initializing
Oct 15 12:25:40 wieker-desktop kernel: [    0.564097] NetLabel:  domain hash size = 128
Oct 15 12:25:40 wieker-desktop kernel: [    0.564162] NetLabel:  protocols = UNLABELED CIPSOv4
Oct 15 12:25:40 wieker-desktop kernel: [    0.564234] NetLabel:  unlabeled traffic allowed by default
Oct 15 12:25:40 wieker-desktop kernel: [    0.564330] hpet0: at MMIO 0xfed00000, IRQs 2, 8, 0, 0, 0, 0, 0, 0
Oct 15 12:25:40 wieker-desktop kernel: [    0.564879] hpet0: 8 comparators, 64-bit 14.318180 MHz counter
Oct 15 12:25:40 wieker-desktop kernel: [    0.566954] Switching to clocksource hpet
Oct 15 12:25:40 wieker-desktop kernel: [    0.567635] Switched to NOHz mode on CPU #0
Oct 15 12:25:40 wieker-desktop kernel: [    0.567711] Switched to NOHz mode on CPU #3
Oct 15 12:25:40 wieker-desktop kernel: [    0.567721] Switched to NOHz mode on CPU #1
Oct 15 12:25:40 wieker-desktop kernel: [    0.567745] Switched to NOHz mode on CPU #2
Oct 15 12:25:40 wieker-desktop kernel: [    0.570865] AppArmor: AppArmor Filesystem Enabled
Oct 15 12:25:40 wieker-desktop kernel: [    0.570948] pnp: PnP ACPI init
Oct 15 12:25:40 wieker-desktop kernel: [    0.571020] ACPI: bus type pnp registered
Oct 15 12:25:40 wieker-desktop kernel: [    0.571200] pnp 00:00: [bus 00-ff]
Oct 15 12:25:40 wieker-desktop kernel: [    0.571202] pnp 00:00: [io  0x0cf8-0x0cff]
Oct 15 12:25:40 wieker-desktop kernel: [    0.571204] pnp 00:00: [io  0x0000-0x0cf7 window]
Oct 15 12:25:40 wieker-desktop kernel: [    0.571205] pnp 00:00: [io  0x0d00-0xffff window]
Oct 15 12:25:40 wieker-desktop kernel: [    0.571207] pnp 00:00: [mem 0x000a0000-0x000bffff window]
Oct 15 12:25:40 wieker-desktop kernel: [    0.571208] pnp 00:00: [mem 0x000c8000-0x000dffff window]
Oct 15 12:25:40 wieker-desktop kernel: [    0.571209] pnp 00:00: [mem 0xc0000000-0xffffffff window]
Oct 15 12:25:40 wieker-desktop kernel: [    0.571211] pnp 00:00: [mem 0x00000000 window]
Oct 15 12:25:40 wieker-desktop kernel: [    0.571251] pnp 00:00: Plug and Play ACPI device, IDs PNP0a08 PNP0a03 (active)
Oct 15 12:25:40 wieker-desktop kernel: [    0.571293] pnp 00:01: [mem 0xfed10000-0xfed19fff]
Oct 15 12:25:40 wieker-desktop kernel: [    0.571294] pnp 00:01: [mem 0xe0000000-0xe3ffffff]
Oct 15 12:25:40 wieker-desktop kernel: [    0.571295] pnp 00:01: [mem 0xfed90000-0xfed93fff]
Oct 15 12:25:40 wieker-desktop kernel: [    0.571297] pnp 00:01: [mem 0xfed20000-0xfed3ffff]
Oct 15 12:25:40 wieker-desktop kernel: [    0.571298] pnp 00:01: [mem 0xfee00000-0xfee0ffff]
Oct 15 12:25:40 wieker-desktop kernel: [    0.571327] system 00:01: [mem 0xfed10000-0xfed19fff] has been reserved
Oct 15 12:25:40 wieker-desktop kernel: [    0.571395] system 00:01: [mem 0xe0000000-0xe3ffffff] has been reserved
Oct 15 12:25:40 wieker-desktop kernel: [    0.571462] system 00:01: [mem 0xfed90000-0xfed93fff] has been reserved
Oct 15 12:25:40 wieker-desktop kernel: [    0.571530] system 00:01: [mem 0xfed20000-0xfed3ffff] has been reserved
Oct 15 12:25:40 wieker-desktop kernel: [    0.571597] system 00:01: [mem 0xfee00000-0xfee0ffff] has been reserved
Oct 15 12:25:40 wieker-desktop kernel: [    0.571665] system 00:01: Plug and Play ACPI device, IDs PNP0c01 (active)
Oct 15 12:25:40 wieker-desktop kernel: [    0.571709] pnp 00:02: [io  0x0000-0xffffffffffffffff disabled]
Oct 15 12:25:40 wieker-desktop kernel: [    0.571710] pnp 00:02: [io  0x0000-0xffffffffffffffff disabled]
Oct 15 12:25:40 wieker-desktop kernel: [    0.571712] pnp 00:02: [io  0x0290-0x029f]
Oct 15 12:25:40 wieker-desktop kernel: [    0.571713] pnp 00:02: [io  0x0000-0xffffffffffffffff disabled]
Oct 15 12:25:40 wieker-desktop kernel: [    0.571735] system 00:02: [io  0x0290-0x029f] has been reserved
Oct 15 12:25:40 wieker-desktop kernel: [    0.571803] system 00:02: Plug and Play ACPI device, IDs PNP0c02 (active)
Oct 15 12:25:40 wieker-desktop kernel: [    0.571811] pnp 00:03: [dma 4]
Oct 15 12:25:40 wieker-desktop kernel: [    0.571813] pnp 00:03: [io  0x0000-0x000f]
Oct 15 12:25:40 wieker-desktop kernel: [    0.571814] pnp 00:03: [io  0x0081-0x0083]
Oct 15 12:25:40 wieker-desktop kernel: [    0.571815] pnp 00:03: [io  0x0087]
Oct 15 12:25:40 wieker-desktop kernel: [    0.571816] pnp 00:03: [io  0x0089-0x008b]
Oct 15 12:25:40 wieker-desktop kernel: [    0.571817] pnp 00:03: [io  0x008f]
Oct 15 12:25:40 wieker-desktop kernel: [    0.571818] pnp 00:03: [io  0x00c0-0x00df]
Oct 15 12:25:40 wieker-desktop kernel: [    0.571832] pnp 00:03: Plug and Play ACPI device, IDs PNP0200 (active)
Oct 15 12:25:40 wieker-desktop kernel: [    0.571839] pnp 00:04: [io  0x0070-0x0071]
Oct 15 12:25:40 wieker-desktop kernel: [    0.571847] pnp 00:04: [irq 8]
Oct 15 12:25:40 wieker-desktop kernel: [    0.571859] pnp 00:04: Plug and Play ACPI device, IDs PNP0b00 (active)
Oct 15 12:25:40 wieker-desktop kernel: [    0.571864] pnp 00:05: [io  0x0061]
Oct 15 12:25:40 wieker-desktop kernel: [    0.571876] pnp 00:05: Plug and Play ACPI device, IDs PNP0800 (active)
Oct 15 12:25:40 wieker-desktop kernel: [    0.571886] pnp 00:06: [io  0x0010-0x001f]
Oct 15 12:25:40 wieker-desktop kernel: [    0.571888] pnp 00:06: [io  0x0022-0x003f]
Oct 15 12:25:40 wieker-desktop kernel: [    0.571889] pnp 00:06: [io  0x0044-0x005f]
Oct 15 12:25:40 wieker-desktop kernel: [    0.571890] pnp 00:06: [io  0x0063]
Oct 15 12:25:40 wieker-desktop kernel: [    0.571891] pnp 00:06: [io  0x0065]
Oct 15 12:25:40 wieker-desktop kernel: [    0.571892] pnp 00:06: [io  0x0067-0x006f]
Oct 15 12:25:40 wieker-desktop kernel: [    0.571893] pnp 00:06: [io  0x0072-0x007f]
Oct 15 12:25:40 wieker-desktop kernel: [    0.571895] pnp 00:06: [io  0x0080]
Oct 15 12:25:40 wieker-desktop kernel: [    0.571896] pnp 00:06: [io  0x0084-0x0086]
Oct 15 12:25:40 wieker-desktop kernel: [    0.571897] pnp 00:06: [io  0x0088]
Oct 15 12:25:40 wieker-desktop kernel: [    0.571898] pnp 00:06: [io  0x008c-0x008e]
Oct 15 12:25:40 wieker-desktop kernel: [    0.571899] pnp 00:06: [io  0x0090-0x009f]
Oct 15 12:25:40 wieker-desktop kernel: [    0.571900] pnp 00:06: [io  0x00a2-0x00bf]
Oct 15 12:25:40 wieker-desktop kernel: [    0.571901] pnp 00:06: [io  0x00e0-0x00ef]
Oct 15 12:25:40 wieker-desktop kernel: [    0.571904] pnp 00:06: [io  0x04d0-0x04d1]
Oct 15 12:25:40 wieker-desktop kernel: [    0.571932] system 00:06: [io  0x04d0-0x04d1] has been reserved
Oct 15 12:25:40 wieker-desktop kernel: [    0.571999] system 00:06: Plug and Play ACPI device, IDs PNP0c02 (active)
Oct 15 12:25:40 wieker-desktop kernel: [    0.572005] pnp 00:07: [io  0x00f0-0x00ff]
Oct 15 12:25:40 wieker-desktop kernel: [    0.572010] pnp 00:07: [irq 13]
Oct 15 12:25:40 wieker-desktop kernel: [    0.572022] pnp 00:07: Plug and Play ACPI device, IDs PNP0c04 (active)
Oct 15 12:25:40 wieker-desktop kernel: [    0.572192] pnp 00:08: [io  0x03f8-0x03ff]
Oct 15 12:25:40 wieker-desktop kernel: [    0.572197] pnp 00:08: [irq 4]
Oct 15 12:25:40 wieker-desktop kernel: [    0.572198] pnp 00:08: [dma 0 disabled]
Oct 15 12:25:40 wieker-desktop kernel: [    0.572232] pnp 00:08: Plug and Play ACPI device, IDs PNP0501 (active)
Oct 15 12:25:40 wieker-desktop kernel: [    0.572247] pnp 00:09: [io  0x0060]
Oct 15 12:25:40 wieker-desktop kernel: [    0.572248] pnp 00:09: [io  0x0064]
Oct 15 12:25:40 wieker-desktop kernel: [    0.572252] pnp 00:09: [irq 1]
Oct 15 12:25:40 wieker-desktop kernel: [    0.572268] pnp 00:09: Plug and Play ACPI device, IDs PNP0303 PNP030b (active)
Oct 15 12:25:40 wieker-desktop kernel: [    0.572291] pnp 00:0a: [irq 12]
Oct 15 12:25:40 wieker-desktop kernel: [    0.572308] pnp 00:0a: Plug and Play ACPI device, IDs PNP0f03 PNP0f13 (active)
Oct 15 12:25:40 wieker-desktop kernel: [    0.572400] pnp 00:0b: [io  0x0400-0x0453]
Oct 15 12:25:40 wieker-desktop kernel: [    0.572401] pnp 00:0b: [io  0x0458-0x047f]
Oct 15 12:25:40 wieker-desktop kernel: [    0.572402] pnp 00:0b: [io  0x0000-0xffffffffffffffff disabled]
Oct 15 12:25:40 wieker-desktop kernel: [    0.572404] pnp 00:0b: [io  0x0500-0x057f]
Oct 15 12:25:40 wieker-desktop kernel: [    0.572405] pnp 00:0b: [mem 0xfed1c000-0xfed1ffff]
Oct 15 12:25:40 wieker-desktop kernel: [    0.572406] pnp 00:0b: [mem 0xfec00000-0xfecfffff]
Oct 15 12:25:40 wieker-desktop kernel: [    0.572408] pnp 00:0b: [mem 0xfed08000-0xfed08fff]
Oct 15 12:25:40 wieker-desktop kernel: [    0.572409] pnp 00:0b: [mem 0xff000000-0xffffffff]
Oct 15 12:25:40 wieker-desktop kernel: [    0.572434] system 00:0b: [io  0x0400-0x0453] has been reserved
Oct 15 12:25:40 wieker-desktop kernel: [    0.572502] system 00:0b: [io  0x0458-0x047f] has been reserved
Oct 15 12:25:40 wieker-desktop kernel: [    0.572569] system 00:0b: [io  0x0500-0x057f] has been reserved
Oct 15 12:25:40 wieker-desktop kernel: [    0.572636] system 00:0b: [mem 0xfed1c000-0xfed1ffff] has been reserved
Oct 15 12:25:40 wieker-desktop kernel: [    0.572703] system 00:0b: [mem 0xfec00000-0xfecfffff] could not be reserved
Oct 15 12:25:40 wieker-desktop kernel: [    0.572771] system 00:0b: [mem 0xfed08000-0xfed08fff] has been reserved
Oct 15 12:25:40 wieker-desktop kernel: [    0.572838] system 00:0b: [mem 0xff000000-0xffffffff] has been reserved
Oct 15 12:25:40 wieker-desktop kernel: [    0.572906] system 00:0b: Plug and Play ACPI device, IDs PNP0c01 (active)
Oct 15 12:25:40 wieker-desktop kernel: [    0.572931] pnp 00:0c: [io  0x0454-0x0457]
Oct 15 12:25:40 wieker-desktop kernel: [    0.572956] system 00:0c: [io  0x0454-0x0457] has been reserved
Oct 15 12:25:40 wieker-desktop kernel: [    0.573023] system 00:0c: Plug and Play ACPI device, IDs INT3f0d PNP0c02 (active)
Oct 15 12:25:40 wieker-desktop kernel: [    0.573095] pnp 00:0d: [mem 0xfed00000-0xfed003ff]
Oct 15 12:25:40 wieker-desktop kernel: [    0.573116] pnp 00:0d: Plug and Play ACPI device, IDs PNP0103 (active)
Oct 15 12:25:40 wieker-desktop kernel: [    0.573205] pnp: PnP ACPI: found 14 devices
Oct 15 12:25:40 wieker-desktop kernel: [    0.573270] ACPI: ACPI bus type pnp unregistered
Oct 15 12:25:40 wieker-desktop kernel: [    0.578657] PCI: max bus depth: 2 pci_try_num: 3
Oct 15 12:25:40 wieker-desktop kernel: [    0.578746] pci 0000:00:01.0: PCI bridge to [bus 01-01]
Oct 15 12:25:40 wieker-desktop kernel: [    0.578813] pci 0000:00:01.0:   bridge window [io  0xe000-0xefff]
Oct 15 12:25:40 wieker-desktop kernel: [    0.578880] pci 0000:00:01.0:   bridge window [mem 0xf9000000-0xfb0fffff]
Oct 15 12:25:40 wieker-desktop kernel: [    0.578948] pci 0000:00:01.0:   bridge window [mem 0xc0000000-0xcfffffff 64bit pref]
Oct 15 12:25:40 wieker-desktop kernel: [    0.579025] pci 0000:00:1c.0: PCI bridge to [bus 02-02]
Oct 15 12:25:40 wieker-desktop kernel: [    0.579099] pci 0000:00:1c.0:   bridge window [io  disabled]
Oct 15 12:25:40 wieker-desktop kernel: [    0.579170] pci 0000:00:1c.0:   bridge window [mem disabled]
Oct 15 12:25:40 wieker-desktop kernel: [    0.579239] pci 0000:00:1c.0:   bridge window [mem pref disabled]
Oct 15 12:25:40 wieker-desktop kernel: [    0.579312] pci 0000:00:1c.2: PCI bridge to [bus 03-03]
Oct 15 12:25:40 wieker-desktop kernel: [    0.579377] pci 0000:00:1c.2:   bridge window [io  disabled]
Oct 15 12:25:40 wieker-desktop kernel: [    0.579447] pci 0000:00:1c.2:   bridge window [mem disabled]
Oct 15 12:25:40 wieker-desktop kernel: [    0.579517] pci 0000:00:1c.2:   bridge window [mem pref disabled]
Oct 15 12:25:40 wieker-desktop kernel: [    0.579589] pci 0000:00:1c.3: PCI bridge to [bus 04-04]
Oct 15 12:25:40 wieker-desktop kernel: [    0.579655] pci 0000:00:1c.3:   bridge window [io  disabled]
Oct 15 12:25:40 wieker-desktop kernel: [    0.579726] pci 0000:00:1c.3:   bridge window [mem disabled]
Oct 15 12:25:40 wieker-desktop kernel: [    0.579795] pci 0000:00:1c.3:   bridge window [mem pref disabled]
Oct 15 12:25:40 wieker-desktop kernel: [    0.579868] pci 0000:05:00.0: PCI bridge to [bus 06-06]
Oct 15 12:25:40 wieker-desktop kernel: [    0.579933] pci 0000:05:00.0:   bridge window [io  disabled]
Oct 15 12:25:40 wieker-desktop kernel: [    0.580006] pci 0000:05:00.0:   bridge window [mem disabled]
Oct 15 12:25:40 wieker-desktop kernel: [    0.580077] pci 0000:05:00.0:   bridge window [mem pref disabled]
Oct 15 12:25:40 wieker-desktop kernel: [    0.580154] pci 0000:00:1c.4: PCI bridge to [bus 05-06]
Oct 15 12:25:40 wieker-desktop kernel: [    0.580219] pci 0000:00:1c.4:   bridge window [io  disabled]
Oct 15 12:25:40 wieker-desktop kernel: [    0.580290] pci 0000:00:1c.4:   bridge window [mem disabled]
Oct 15 12:25:40 wieker-desktop kernel: [    0.580358] pci 0000:00:1c.4:   bridge window [mem pref disabled]
Oct 15 12:25:40 wieker-desktop kernel: [    0.580431] pci 0000:00:1c.5: PCI bridge to [bus 07-07]
Oct 15 12:25:40 wieker-desktop kernel: [    0.580499] pci 0000:00:1c.5:   bridge window [io  0xd000-0xdfff]
Oct 15 12:25:40 wieker-desktop kernel: [    0.580570] pci 0000:00:1c.5:   bridge window [mem 0xfb200000-0xfb2fffff]
Oct 15 12:25:40 wieker-desktop kernel: [    0.580640] pci 0000:00:1c.5:   bridge window [mem pref disabled]
Oct 15 12:25:40 wieker-desktop kernel: [    0.580712] pci 0000:00:1c.6: PCI bridge to [bus 08-08]
Oct 15 12:25:40 wieker-desktop kernel: [    0.580779] pci 0000:00:1c.6:   bridge window [io  0xc000-0xcfff]
Oct 15 12:25:40 wieker-desktop kernel: [    0.580850] pci 0000:00:1c.6:   bridge window [mem disabled]
Oct 15 12:25:40 wieker-desktop kernel: [    0.580919] pci 0000:00:1c.6:   bridge window [mem 0xd0000000-0xd00fffff 64bit pref]
Oct 15 12:25:40 wieker-desktop kernel: [    0.581000] pci 0000:00:1c.7: PCI bridge to [bus 09-09]
Oct 15 12:25:40 wieker-desktop kernel: [    0.581065] pci 0000:00:1c.7:   bridge window [io  disabled]
Oct 15 12:25:40 wieker-desktop kernel: [    0.581136] pci 0000:00:1c.7:   bridge window [mem 0xfb100000-0xfb1fffff]
Oct 15 12:25:40 wieker-desktop kernel: [    0.581206] pci 0000:00:1c.7:   bridge window [mem pref disabled]
Oct 15 12:25:40 wieker-desktop kernel: [    0.581286] pci 0000:00:01.0: PCI INT A -> GSI 16 (level, low) -> IRQ 16
Oct 15 12:25:40 wieker-desktop kernel: [    0.581354] pci 0000:00:01.0: setting latency timer to 64
Oct 15 12:25:40 wieker-desktop kernel: [    0.581362] pci 0000:00:1c.0: PCI INT A -> GSI 17 (level, low) -> IRQ 17
Oct 15 12:25:40 wieker-desktop kernel: [    0.581432] pci 0000:00:1c.0: setting latency timer to 64
Oct 15 12:25:40 wieker-desktop kernel: [    0.581441] pci 0000:00:1c.2: PCI INT C -> GSI 18 (level, low) -> IRQ 18
Oct 15 12:25:40 wieker-desktop kernel: [    0.581511] pci 0000:00:1c.2: setting latency timer to 64
Oct 15 12:25:40 wieker-desktop kernel: [    0.581521] pci 0000:00:1c.3: PCI INT D -> GSI 19 (level, low) -> IRQ 19
Oct 15 12:25:40 wieker-desktop kernel: [    0.581591] pci 0000:00:1c.3: setting latency timer to 64
Oct 15 12:25:40 wieker-desktop kernel: [    0.581598] pci 0000:00:1c.4: PCI INT A -> GSI 17 (level, low) -> IRQ 17
Oct 15 12:25:40 wieker-desktop kernel: [    0.581668] pci 0000:00:1c.4: setting latency timer to 64
Oct 15 12:25:40 wieker-desktop kernel: [    0.581676] pci 0000:05:00.0: PCI INT A -> GSI 17 (level, low) -> IRQ 17
Oct 15 12:25:40 wieker-desktop kernel: [    0.581748] pci 0000:05:00.0: setting latency timer to 64
Oct 15 12:25:40 wieker-desktop kernel: [    0.581755] pci 0000:00:1c.5: PCI INT B -> GSI 16 (level, low) -> IRQ 16
Oct 15 12:25:40 wieker-desktop kernel: [    0.581826] pci 0000:00:1c.5: setting latency timer to 64
Oct 15 12:25:40 wieker-desktop kernel: [    0.581832] pci 0000:00:1c.6: PCI INT C -> GSI 18 (level, low) -> IRQ 18
Oct 15 12:25:40 wieker-desktop kernel: [    0.581902] pci 0000:00:1c.6: setting latency timer to 64
Oct 15 12:25:40 wieker-desktop kernel: [    0.581909] pci 0000:00:1c.7: PCI INT D -> GSI 19 (level, low) -> IRQ 19
Oct 15 12:25:40 wieker-desktop kernel: [    0.581979] pci 0000:00:1c.7: setting latency timer to 64
Oct 15 12:25:40 wieker-desktop kernel: [    0.581983] pci_bus 0000:00: resource 4 [io  0x0000-0x0cf7]
Oct 15 12:25:40 wieker-desktop kernel: [    0.581984] pci_bus 0000:00: resource 5 [io  0x0d00-0xffff]
Oct 15 12:25:40 wieker-desktop kernel: [    0.581986] pci_bus 0000:00: resource 6 [mem 0x000a0000-0x000bffff]
Oct 15 12:25:40 wieker-desktop kernel: [    0.581987] pci_bus 0000:00: resource 7 [mem 0xc0000000-0xffffffff]
Oct 15 12:25:40 wieker-desktop kernel: [    0.581989] pci_bus 0000:01: resource 0 [io  0xe000-0xefff]
Oct 15 12:25:40 wieker-desktop kernel: [    0.581990] pci_bus 0000:01: resource 1 [mem 0xf9000000-0xfb0fffff]
Oct 15 12:25:40 wieker-desktop kernel: [    0.581992] pci_bus 0000:01: resource 2 [mem 0xc0000000-0xcfffffff 64bit pref]
Oct 15 12:25:40 wieker-desktop kernel: [    0.581993] pci_bus 0000:05: resource 4 [io  0x0000-0x0cf7]
Oct 15 12:25:40 wieker-desktop kernel: [    0.581995] pci_bus 0000:05: resource 5 [io  0x0d00-0xffff]
Oct 15 12:25:40 wieker-desktop kernel: [    0.581996] pci_bus 0000:05: resource 6 [mem 0x000a0000-0x000bffff]
Oct 15 12:25:40 wieker-desktop kernel: [    0.581998] pci_bus 0000:05: resource 7 [mem 0xc0000000-0xffffffff]
Oct 15 12:25:40 wieker-desktop kernel: [    0.581999] pci_bus 0000:06: resource 8 [io  0x0000-0x0cf7]
Oct 15 12:25:40 wieker-desktop kernel: [    0.582001] pci_bus 0000:06: resource 9 [io  0x0d00-0xffff]
Oct 15 12:25:40 wieker-desktop kernel: [    0.582002] pci_bus 0000:06: resource 10 [mem 0x000a0000-0x000bffff]
Oct 15 12:25:40 wieker-desktop kernel: [    0.582004] pci_bus 0000:06: resource 11 [mem 0xc0000000-0xffffffff]
Oct 15 12:25:40 wieker-desktop kernel: [    0.582005] pci_bus 0000:07: resource 0 [io  0xd000-0xdfff]
Oct 15 12:25:40 wieker-desktop kernel: [    0.582007] pci_bus 0000:07: resource 1 [mem 0xfb200000-0xfb2fffff]
Oct 15 12:25:40 wieker-desktop kernel: [    0.582008] pci_bus 0000:08: resource 0 [io  0xc000-0xcfff]
Oct 15 12:25:40 wieker-desktop kernel: [    0.582010] pci_bus 0000:08: resource 2 [mem 0xd0000000-0xd00fffff 64bit pref]
Oct 15 12:25:40 wieker-desktop kernel: [    0.582011] pci_bus 0000:09: resource 1 [mem 0xfb100000-0xfb1fffff]
Oct 15 12:25:40 wieker-desktop kernel: [    0.582032] NET: Registered protocol family 2
Oct 15 12:25:40 wieker-desktop kernel: [    0.582282] IP route cache hash table entries: 262144 (order: 9, 2097152 bytes)
Oct 15 12:25:40 wieker-desktop kernel: [    0.583122] TCP established hash table entries: 524288 (order: 11, 8388608 bytes)
Oct 15 12:25:40 wieker-desktop kernel: [    0.584259] TCP bind hash table entries: 65536 (order: 8, 1048576 bytes)
Oct 15 12:25:40 wieker-desktop kernel: [    0.584445] TCP: Hash tables configured (established 524288 bind 65536)
Oct 15 12:25:40 wieker-desktop kernel: [    0.584512] TCP reno registered
Oct 15 12:25:40 wieker-desktop kernel: [    0.584587] UDP hash table entries: 4096 (order: 5, 131072 bytes)
Oct 15 12:25:40 wieker-desktop kernel: [    0.584682] UDP-Lite hash table entries: 4096 (order: 5, 131072 bytes)
Oct 15 12:25:40 wieker-desktop kernel: [    0.584825] NET: Registered protocol family 1
Oct 15 12:25:40 wieker-desktop kernel: [    0.838771] pci 0000:01:00.0: Boot video device
Oct 15 12:25:40 wieker-desktop kernel: [    0.838818] PCI: CLS 64 bytes, default 64
Oct 15 12:25:40 wieker-desktop kernel: [    0.838820] PCI-DMA: Using software bounce buffering for IO (SWIOTLB)
Oct 15 12:25:40 wieker-desktop kernel: [    0.838888] Placing 64MB software IO TLB between ffff8800bb459000 - ffff8800bf459000
Oct 15 12:25:40 wieker-desktop kernel: [    0.838963] software IO TLB at phys 0xbb459000 - 0xbf459000
Oct 15 12:25:40 wieker-desktop kernel: [    0.839329] audit: initializing netlink socket (disabled)
Oct 15 12:25:40 wieker-desktop kernel: [    0.839401] type=2000 audit(1318667109.676:1): initialized
Oct 15 12:25:40 wieker-desktop kernel: [    0.862907] HugeTLB registered 2 MB page size, pre-allocated 0 pages
Oct 15 12:25:40 wieker-desktop kernel: [    0.878826] VFS: Disk quotas dquot_6.5.2
Oct 15 12:25:40 wieker-desktop kernel: [    0.878928] Dquot-cache hash table entries: 512 (order 0, 4096 bytes)
Oct 15 12:25:40 wieker-desktop kernel: [    0.879359] fuse init (API version 7.16)
Oct 15 12:25:40 wieker-desktop kernel: [    0.879474] msgmni has been set to 15940
Oct 15 12:25:40 wieker-desktop kernel: [    0.879780] Block layer SCSI generic (bsg) driver version 0.4 loaded (major 253)
Oct 15 12:25:40 wieker-desktop kernel: [    0.879872] io scheduler noop registered
Oct 15 12:25:40 wieker-desktop kernel: [    0.879938] io scheduler deadline registered
Oct 15 12:25:40 wieker-desktop kernel: [    0.880024] io scheduler cfq registered (default)
Oct 15 12:25:40 wieker-desktop kernel: [    0.880157] pcieport 0000:00:01.0: setting latency timer to 64
Oct 15 12:25:40 wieker-desktop kernel: [    0.880178] pcieport 0000:00:01.0: irq 40 for MSI/MSI-X
Oct 15 12:25:40 wieker-desktop kernel: [    0.880223] pcieport 0000:00:1c.0: setting latency timer to 64
Oct 15 12:25:40 wieker-desktop kernel: [    0.880278] pcieport 0000:00:1c.0: irq 41 for MSI/MSI-X
Oct 15 12:25:40 wieker-desktop kernel: [    0.880359] pcieport 0000:00:1c.2: setting latency timer to 64
Oct 15 12:25:40 wieker-desktop kernel: [    0.880415] pcieport 0000:00:1c.2: irq 42 for MSI/MSI-X
Oct 15 12:25:40 wieker-desktop kernel: [    0.880494] pcieport 0000:00:1c.3: setting latency timer to 64
Oct 15 12:25:40 wieker-desktop kernel: [    0.880548] pcieport 0000:00:1c.3: irq 43 for MSI/MSI-X
Oct 15 12:25:40 wieker-desktop kernel: [    0.880629] pcieport 0000:00:1c.5: setting latency timer to 64
Oct 15 12:25:40 wieker-desktop kernel: [    0.880684] pcieport 0000:00:1c.5: irq 44 for MSI/MSI-X
Oct 15 12:25:40 wieker-desktop kernel: [    0.880764] pcieport 0000:00:1c.6: setting latency timer to 64
Oct 15 12:25:40 wieker-desktop kernel: [    0.880820] pcieport 0000:00:1c.6: irq 45 for MSI/MSI-X
Oct 15 12:25:40 wieker-desktop kernel: [    0.880899] pcieport 0000:00:1c.7: setting latency timer to 64
Oct 15 12:25:40 wieker-desktop kernel: [    0.880954] pcieport 0000:00:1c.7: irq 46 for MSI/MSI-X
Oct 15 12:25:40 wieker-desktop kernel: [    0.881040] pcieport 0000:00:01.0: Signaling PME through PCIe PME interrupt
Oct 15 12:25:40 wieker-desktop kernel: [    0.881108] pci 0000:01:00.0: Signaling PME through PCIe PME interrupt
Oct 15 12:25:40 wieker-desktop kernel: [    0.881176] pcie_pme 0000:00:01.0:pcie01: service driver pcie_pme loaded
Oct 15 12:25:40 wieker-desktop kernel: [    0.881194] pcieport 0000:00:1c.0: Signaling PME through PCIe PME interrupt
Oct 15 12:25:40 wieker-desktop kernel: [    0.881264] pcie_pme 0000:00:1c.0:pcie01: service driver pcie_pme loaded
Oct 15 12:25:40 wieker-desktop kernel: [    0.881283] pcieport 0000:00:1c.2: Signaling PME through PCIe PME interrupt
Oct 15 12:25:40 wieker-desktop kernel: [    0.881354] pcie_pme 0000:00:1c.2:pcie01: service driver pcie_pme loaded
Oct 15 12:25:40 wieker-desktop kernel: [    0.881372] pcieport 0000:00:1c.3: Signaling PME through PCIe PME interrupt
Oct 15 12:25:40 wieker-desktop kernel: [    0.881443] pcie_pme 0000:00:1c.3:pcie01: service driver pcie_pme loaded
Oct 15 12:25:40 wieker-desktop kernel: [    0.881461] pcieport 0000:00:1c.5: Signaling PME through PCIe PME interrupt
Oct 15 12:25:40 wieker-desktop kernel: [    0.881528] pci 0000:07:00.0: Signaling PME through PCIe PME interrupt
Oct 15 12:25:40 wieker-desktop kernel: [    0.881598] pcie_pme 0000:00:1c.5:pcie01: service driver pcie_pme loaded
Oct 15 12:25:40 wieker-desktop kernel: [    0.881616] pcieport 0000:00:1c.6: Signaling PME through PCIe PME interrupt
Oct 15 12:25:40 wieker-desktop kernel: [    0.881684] pci 0000:08:00.0: Signaling PME through PCIe PME interrupt
Oct 15 12:25:40 wieker-desktop kernel: [    0.881753] pcie_pme 0000:00:1c.6:pcie01: service driver pcie_pme loaded
Oct 15 12:25:40 wieker-desktop kernel: [    0.881772] pcieport 0000:00:1c.7: Signaling PME through PCIe PME interrupt
Oct 15 12:25:40 wieker-desktop kernel: [    0.881839] pci 0000:09:00.0: Signaling PME through PCIe PME interrupt
Oct 15 12:25:40 wieker-desktop kernel: [    0.881909] pcie_pme 0000:00:1c.7:pcie01: service driver pcie_pme loaded
Oct 15 12:25:40 wieker-desktop kernel: [    0.881919] pci_hotplug: PCI Hot Plug PCI Core version: 0.5
Oct 15 12:25:40 wieker-desktop kernel: [    0.881998] pciehp: PCI Express Hot Plug Controller Driver version: 0.4
Oct 15 12:25:40 wieker-desktop kernel: [    0.882089] intel_idle: MWAIT substates: 0x1120
Oct 15 12:25:40 wieker-desktop kernel: [    0.882090] intel_idle: v0.4 model 0x2A
Oct 15 12:25:40 wieker-desktop kernel: [    0.882091] intel_idle: lapic_timer_reliable_states 0xffffffff
Oct 15 12:25:40 wieker-desktop kernel: [    0.882159] input: Power Button as /devices/LNXSYSTM:00/device:00/PNP0C0C:00/input/input0
Oct 15 12:25:40 wieker-desktop kernel: [    0.882238] ACPI: Power Button [PWRB]
Oct 15 12:25:40 wieker-desktop kernel: [    0.882327] input: Power Button as /devices/LNXSYSTM:00/LNXPWRBN:00/input/input1
Oct 15 12:25:40 wieker-desktop kernel: [    0.882402] ACPI: Power Button [PWRF]
Oct 15 12:25:40 wieker-desktop kernel: [    0.883012] ACPI: acpi_idle yielding to intel_idle
Oct 15 12:25:40 wieker-desktop kernel: [    0.891600] ERST: Table is not found!
Oct 15 12:25:40 wieker-desktop kernel: [    0.891713] Serial: 8250/16550 driver, 32 ports, IRQ sharing enabled
Oct 15 12:25:40 wieker-desktop kernel: [    0.912275] serial8250: ttyS0 at I/O 0x3f8 (irq = 4) is a 16550A
Oct 15 12:25:40 wieker-desktop kernel: [    0.930481] Freeing initrd memory: 13472k freed
Oct 15 12:25:40 wieker-desktop kernel: [    1.115011] 00:08: ttyS0 at I/O 0x3f8 (irq = 4) is a 16550A
Oct 15 12:25:40 wieker-desktop kernel: [    1.115278] Linux agpgart interface v0.103
Oct 15 12:25:40 wieker-desktop kernel: [    1.116012] brd: module loaded
Oct 15 12:25:40 wieker-desktop kernel: [    1.116361] loop: module loaded
Oct 15 12:25:40 wieker-desktop kernel: [    1.116506] ata_piix 0000:00:1f.2: version 2.13
Oct 15 12:25:40 wieker-desktop kernel: [    1.116522] ata_piix 0000:00:1f.2: PCI INT B -> GSI 20 (level, low) -> IRQ 20
Oct 15 12:25:40 wieker-desktop kernel: [    1.116594] ata_piix 0000:00:1f.2: MAP [ P0 P2 P1 P3 ]
Oct 15 12:25:40 wieker-desktop kernel: [    1.116958] ata_piix 0000:00:1f.2: setting latency timer to 64
Oct 15 12:25:40 wieker-desktop kernel: [    1.117132] scsi0 : ata_piix
Oct 15 12:25:40 wieker-desktop kernel: [    1.117248] scsi1 : ata_piix
Oct 15 12:25:40 wieker-desktop kernel: [    1.117987] ata1: SATA max UDMA/133 cmd 0xf0d0 ctl 0xf0c0 bmdma 0xf090 irq 20
Oct 15 12:25:40 wieker-desktop kernel: [    1.118059] ata2: SATA max UDMA/133 cmd 0xf0b0 ctl 0xf0a0 bmdma 0xf098 irq 20
Oct 15 12:25:40 wieker-desktop kernel: [    1.118139] ata_piix 0000:00:1f.5: PCI INT B -> GSI 20 (level, low) -> IRQ 20
Oct 15 12:25:40 wieker-desktop kernel: [    1.118228] ata_piix 0000:00:1f.5: MAP [ P0 -- P1 -- ]
Oct 15 12:25:40 wieker-desktop kernel: [    1.118597] ata_piix 0000:00:1f.5: SCR access via SIDPR is available but doesn't work
Oct 15 12:25:40 wieker-desktop kernel: [    1.118678] ata_piix 0000:00:1f.5: setting latency timer to 64
Oct 15 12:25:40 wieker-desktop kernel: [    1.118791] scsi2 : ata_piix
Oct 15 12:25:40 wieker-desktop kernel: [    1.118889] scsi3 : ata_piix
Oct 15 12:25:40 wieker-desktop kernel: [    1.119482] ata3: SATA max UDMA/133 cmd 0xf070 ctl 0xf060 bmdma 0xf030 irq 20
Oct 15 12:25:40 wieker-desktop kernel: [    1.119550] ata4: SATA max UDMA/133 cmd 0xf050 ctl 0xf040 bmdma 0xf038 irq 20
Oct 15 12:25:40 wieker-desktop kernel: [    1.119648] pata_acpi 0000:07:00.0: PCI INT A -> GSI 17 (level, low) -> IRQ 17
Oct 15 12:25:40 wieker-desktop kernel: [    1.119750] pata_acpi 0000:07:00.0: setting latency timer to 64
Oct 15 12:25:40 wieker-desktop kernel: [    1.119762] pata_acpi 0000:07:00.0: PCI INT A disabled
Oct 15 12:25:40 wieker-desktop kernel: [    1.119994] Fixed MDIO Bus: probed
Oct 15 12:25:40 wieker-desktop kernel: [    1.120070] PPP generic driver version 2.4.2
Oct 15 12:25:40 wieker-desktop kernel: [    1.120155] tun: Universal TUN/TAP device driver, 1.6
